Executing tests from //bench:cva6_compile_incremental
CMD compile_full: lhd compile tree/cva6.prp --top cva6 --emit-dir lg:out_lg --workdir w --result-json compile_full.json --set lhd.incremental=false
METRIC compile_full_ms                         10402 ms
METRIC hits_full                                   0 units
METRIC misses_full                                 0 units
METRIC redone_ms_full                            0.0 ms
METRIC refused_full                                0 units
METRIC store_failed_full                           0 units
METRIC workdir_bytes_full                     118784 bytes
CMD compile_cold: lhd compile tree/cva6.prp --top cva6 --emit-dir lg:out_lg --workdir w --result-json compile_cold.json
METRIC compile_cold_ms                         11477 ms
METRIC hits_cold                                   0 units
METRIC misses_cold                               146 units
METRIC redone_ms_cold                       10766.64 ms
METRIC refused_cold                                1 units
METRIC store_failed_cold                           0 units
METRIC workdir_bytes_cold                   32399360 bytes
VARIANT comment-only: appended to cva6.prp
CMD compile_comment: lhd compile tree/cva6.prp --top cva6 --emit-dir lg:out_lg --workdir w --result-json compile_comment.json
METRIC compile_comment_ms                      10425 ms
METRIC hits_comment                              145 units
METRIC misses_comment                              1 units
METRIC redone_ms_comment                    9813.705 ms
METRIC refused_comment                             1 units
METRIC store_failed_comment                        0 units
METRIC workdir_bytes_comment                32505856 bytes
CMD compile_comment: lhd tool diff lg:cold_lg lg:out_lg --structural -q
VARIANT bug1: alu.prp:   const adder_result__w1 = (((operand_a_bitmanip#[0..<0x40] << 1) | 1) + operand_b_neg__w1)#[1..<0x41] ->   const adder_result__w1 = operand_a__w1 - operand_b__w1
CMD compile_edit: lhd compile tree/cva6.prp --top cva6 --emit-dir lg:out_lg --workdir w --result-json compile_edit.json
METRIC compile_edit_ms                         10224 ms
METRIC hits_edit                                 145 units
METRIC misses_edit                                 1 units
METRIC redone_ms_edit                       9584.047 ms
METRIC refused_edit                                1 units
METRIC store_failed_edit                           0 units
METRIC workdir_bytes_edit                   32608256 bytes
CMD compile_edit: lhd compile tree/cva6.prp --top cva6 --emit-dir lg:edit_cold_lg --workdir edit_cold_w --set lhd.incremental=false -q --result-json edit_cold.json
CMD compile_edit: lhd tool diff lg:edit_cold_lg lg:out_lg --structural -q
CMD compile_edit: lhd tool diff lg:cold_lg lg:edit_cold_lg --structural -q
METRIC compile_edit_changes_cold                   1 bool
METRIC compile_warm_equals_cold                    1 bool
PASS: compile_incremental (cold/comment/edit over one workdir)
