Executing tests from //bench:cva6_synth_incremental
CMD full_synth: lhd synth src/pyrope/cva6.prp --top cva6 --workdir W_full --emit-dir lg:net_full --result-json r_full.json --stats --set color.synth.max_ge=8000 --set abc.memory_budget_mb=16384 --set abc.time_budget_ms=900000 --set abc.verbose=true --set lhd.incremental=false
METRIC full_synth_ms                         1466189 ms
FAIL: step 'full_synth' exited 1: /usr/bin/time -f %M -o rusage_full_synth.txt /var/tmp/lhdsuite-review-missing-20261005/sandbox/linux-sandbox/1806/execroot/_main/bazel-out/k8-opt/bin/bench/cva6_synth_incremental.runfiles/livehd+/lhd/lhd synth src/pyrope/cva6.prp --top cva6 --workdir W_full --emit-dir lg:net_full --result-json r_full.json --stats --set color.synth.max_ge=8000 --set abc.memory_budget_mb=16384 --set abc.time_budget_ms=900000 --set abc.verbose=true --set lhd.incremental=false
METRIC full_synth_peak_rss_kb              574871252 KiB
METRIC compile_full_ms                         14672 ms
METRIC full_color_ms                             529 ms
METRIC full_abc_ms                            867054 ms
METRIC full_sta_ms                            554718 ms
METRIC full_regions                             1074 regions
METRIC full_gates                           22777248 gates
METRIC full_area                        173963138.3397 um2
METRIC full_max_delay                          254.0 ns
METRIC full_div_blackbox                           0 cones
METRIC full_max_region_ms                      99213 ms
METRIC full_abc_peak_rss_kb                   661828 KiB
METRIC full_color_all_count                     1074 colors
METRIC full_color_all_ge_sum             294676632.0 GE
METRIC full_color_all_ms_sum               1699388.9 ms
METRIC full_color_lt_1k_count                    599 colors
METRIC full_color_lt_1k_ge_sum               52699.0 GE
METRIC full_color_lt_1k_ms_sum               36579.5 ms
METRIC full_color_1k_5k_count                    183 colors
METRIC full_color_1k_5k_ge_sum              436295.0 GE
METRIC full_color_1k_5k_ms_sum               82828.3 ms
METRIC full_color_5k_15k_count                   122 colors
METRIC full_color_5k_15k_ge_sum            1061193.0 GE
METRIC full_color_5k_15k_ms_sum              72573.3 ms
METRIC full_color_15k_25k_count                   22 colors
METRIC full_color_15k_25k_ge_sum            463646.0 GE
METRIC full_color_15k_25k_ms_sum              9938.9 ms
METRIC full_color_ge_25k_count                   148 colors
METRIC full_color_ge_25k_ge_sum          292662799.0 GE
METRIC full_color_ge_25k_ms_sum            1497468.9 ms
CMD pass1_synth: lhd synth src/pyrope/cva6.prp --top cva6 --workdir W --emit-dir lg:net_pass1 --result-json r_pass1.json --stats --set color.synth.max_ge=8000 --set abc.memory_budget_mb=16384 --set abc.time_budget_ms=900000 --set abc.verbose=true
METRIC pass1_synth_ms                        1474915 ms
FAIL: step 'pass1_synth' exited 1: /usr/bin/time -f %M -o rusage_pass1_synth.txt /var/tmp/lhdsuite-review-missing-20261005/sandbox/linux-sandbox/1806/execroot/_main/bazel-out/k8-opt/bin/bench/cva6_synth_incremental.runfiles/livehd+/lhd/lhd synth src/pyrope/cva6.prp --top cva6 --workdir W --emit-dir lg:net_pass1 --result-json r_pass1.json --stats --set color.synth.max_ge=8000 --set abc.memory_budget_mb=16384 --set abc.time_budget_ms=900000 --set abc.verbose=true
METRIC pass1_synth_peak_rss_kb             575801356 KiB
METRIC compile_pass1_ms                        14973 ms
METRIC pass1_color_ms                            536 ms
METRIC pass1_abc_ms                           875284 ms
METRIC pass1_sta_ms                           549641 ms
METRIC pass1_regions                            1074 regions
METRIC pass1_gates                          22777248 gates
METRIC pass1_area                       173963138.3397 um2
METRIC pass1_max_delay                         254.0 ns
METRIC pass1_div_blackbox                          0 cones
METRIC pass1_max_region_ms                     85875 ms
METRIC pass1_abc_peak_rss_kb                  645476 KiB
METRIC pass1_color_all_count                    1038 colors
METRIC pass1_color_all_ge_sum            294428496.0 GE
METRIC pass1_color_all_ms_sum              1650758.6 ms
METRIC pass1_color_lt_1k_count                   564 colors
METRIC pass1_color_lt_1k_ge_sum              52687.0 GE
METRIC pass1_color_lt_1k_ms_sum              37380.3 ms
METRIC pass1_color_1k_5k_count                   183 colors
METRIC pass1_color_1k_5k_ge_sum             436295.0 GE
METRIC pass1_color_1k_5k_ms_sum              82274.8 ms
METRIC pass1_color_5k_15k_count                  122 colors
METRIC pass1_color_5k_15k_ge_sum           1061193.0 GE
METRIC pass1_color_5k_15k_ms_sum             72437.8 ms
METRIC pass1_color_15k_25k_count                  22 colors
METRIC pass1_color_15k_25k_ge_sum           463646.0 GE
METRIC pass1_color_15k_25k_ms_sum             9836.0 ms
METRIC pass1_color_ge_25k_count                  147 colors
METRIC pass1_color_ge_25k_ge_sum         292414675.0 GE
METRIC pass1_color_ge_25k_ms_sum           1448829.7 ms
METRIC pass1_cache_hits                           36 hits
METRIC pass1_cache_misses                       1035 misses
METRIC pass1_cache_hit_ms                          9 ms
METRIC pass1_cache_miss_ms                   1650760 ms
VARIANT comment1: appended to alu.prp
CMD pass2_synth: lhd synth src/pyrope/cva6.prp --top cva6 --workdir W --emit-dir lg:net_pass2 --result-json r_pass2.json --stats --set color.synth.max_ge=8000 --set abc.memory_budget_mb=16384 --set abc.time_budget_ms=900000 --set abc.verbose=true
METRIC pass2_synth_ms                         768694 ms
FAIL: step 'pass2_synth' exited 1: /usr/bin/time -f %M -o rusage_pass2_synth.txt /var/tmp/lhdsuite-review-missing-20261005/sandbox/linux-sandbox/1806/execroot/_main/bazel-out/k8-opt/bin/bench/cva6_synth_incremental.runfiles/livehd+/lhd/lhd synth src/pyrope/cva6.prp --top cva6 --workdir W --emit-dir lg:net_pass2 --result-json r_pass2.json --stats --set color.synth.max_ge=8000 --set abc.memory_budget_mb=16384 --set abc.time_budget_ms=900000 --set abc.verbose=true
METRIC pass2_synth_peak_rss_kb             578635872 KiB
METRIC compile_pass2_ms                        13685 ms
METRIC pass2_color_ms                            532 ms
METRIC pass2_abc_ms                           165979 ms
METRIC pass2_sta_ms                           559510 ms
METRIC pass2_regions                            1074 regions
METRIC pass2_gates                          22777248 gates
METRIC pass2_area                       173963138.3397 um2
METRIC pass2_max_delay                         254.0 ns
METRIC pass2_div_blackbox                          0 cones
METRIC pass2_max_region_ms                     47898 ms
METRIC pass2_abc_peak_rss_kb                  662988 KiB
METRIC pass2_color_all_count                      43 colors
METRIC pass2_color_all_ge_sum               845392.0 GE
METRIC pass2_color_all_ms_sum               136848.7 ms
METRIC pass2_color_lt_1k_count                    21 colors
METRIC pass2_color_lt_1k_ge_sum               9634.0 GE
METRIC pass2_color_lt_1k_ms_sum                433.4 ms
METRIC pass2_color_1k_5k_count                    12 colors
METRIC pass2_color_1k_5k_ge_sum              29474.0 GE
METRIC pass2_color_1k_5k_ms_sum              53096.4 ms
METRIC pass2_color_5k_15k_count                    3 colors
METRIC pass2_color_5k_15k_ge_sum             25250.0 GE
METRIC pass2_color_5k_15k_ms_sum              5808.3 ms
METRIC pass2_color_15k_25k_count                   4 colors
METRIC pass2_color_15k_25k_ge_sum            73735.0 GE
METRIC pass2_color_15k_25k_ms_sum             3799.5 ms
METRIC pass2_color_ge_25k_count                    3 colors
METRIC pass2_color_ge_25k_ge_sum            707299.0 GE
METRIC pass2_color_ge_25k_ms_sum             73711.1 ms
METRIC pass2_cache_hits                         1031 hits
METRIC pass2_cache_misses                         40 misses
METRIC pass2_cache_hit_ms                      12535 ms
METRIC pass2_cache_miss_ms                    136849 ms
METRIC abc_warm_speedup                        12.06 x
METRIC pass2_compile_misses                        1 misses
VARIANT bug1: alu.prp:   const adder_result__w1 = (((operand_a_bitmanip#[0..<0x40] << 1) | 1) + operand_b_neg__w1)#[1..<0x41] ->   const adder_result__w1 = operand_a__w1 - operand_b__w1
CMD pass3_synth: lhd synth src/pyrope/cva6.prp --top cva6 --workdir W --emit-dir lg:net_pass3 --result-json r_pass3.json --stats --set color.synth.max_ge=8000 --set abc.memory_budget_mb=16384 --set abc.time_budget_ms=900000 --set abc.verbose=true
METRIC pass3_synth_ms                         785732 ms
FAIL: step 'pass3_synth' exited 1: /usr/bin/time -f %M -o rusage_pass3_synth.txt /var/tmp/lhdsuite-review-missing-20261005/sandbox/linux-sandbox/1806/execroot/_main/bazel-out/k8-opt/bin/bench/cva6_synth_incremental.runfiles/livehd+/lhd/lhd synth src/pyrope/cva6.prp --top cva6 --workdir W --emit-dir lg:net_pass3 --result-json r_pass3.json --stats --set color.synth.max_ge=8000 --set abc.memory_budget_mb=16384 --set abc.time_budget_ms=900000 --set abc.verbose=true
METRIC pass3_synth_peak_rss_kb             576735472 KiB
METRIC compile_pass3_ms                        13743 ms
METRIC pass3_color_ms                            531 ms
METRIC pass3_abc_ms                           183470 ms
METRIC pass3_sta_ms                           554981 ms
METRIC pass3_regions                            1074 regions
METRIC pass3_gates                          22778713 gates
METRIC pass3_area                       173966347.3697 um2
METRIC pass3_max_delay                         254.0 ns
METRIC pass3_div_blackbox                          0 cones
METRIC pass3_max_region_ms                     47991 ms
METRIC pass3_abc_peak_rss_kb                  659968 KiB
METRIC pass3_color_all_count                     251 colors
METRIC pass3_color_all_ge_sum              2005656.0 GE
METRIC pass3_color_all_ms_sum               215000.1 ms
METRIC pass3_color_lt_1k_count                   100 colors
METRIC pass3_color_lt_1k_ge_sum              22626.0 GE
METRIC pass3_color_lt_1k_ms_sum               7929.6 ms
METRIC pass3_color_1k_5k_count                    62 colors
METRIC pass3_color_1k_5k_ge_sum             158157.0 GE
METRIC pass3_color_1k_5k_ms_sum              66681.1 ms
METRIC pass3_color_5k_15k_count                   69 colors
METRIC pass3_color_5k_15k_ge_sum            628870.0 GE
METRIC pass3_color_5k_15k_ms_sum             60851.4 ms
METRIC pass3_color_15k_25k_count                   6 colors
METRIC pass3_color_15k_25k_ge_sum           114999.0 GE
METRIC pass3_color_15k_25k_ms_sum             4083.7 ms
METRIC pass3_color_ge_25k_count                   14 colors
METRIC pass3_color_ge_25k_ge_sum           1081004.0 GE
METRIC pass3_color_ge_25k_ms_sum             75454.3 ms
METRIC pass3_cache_hits                          823 hits
METRIC pass3_cache_misses                        248 misses
METRIC pass3_cache_hit_ms                      11499 ms
METRIC pass3_cache_miss_ms                    215000 ms
METRIC synthesis_elapsed_ms                  4496397 ms
PASS: warm hits=1031/misses=40 (136849ms re-mapped of 1650760ms cold); sta reuse=n/a; after one-line edit hits=823/misses=248
FAIL: 4 synthesis invocation(s) completed ABC but failed downstream STA; cold/warm/edit metrics were retained
