Executing tests from //bench:dino_synth_incremental
CMD full_synth: lhd synth src/pyrope/PipelinedDualIssueCPU.prp --top PipelinedDualIssueCPU --workdir W_full --emit-dir lg:net_full --result-json r_full.json --stats --set abc.memory_budget_mb=16384 --set abc.time_budget_ms=900000 --set abc.verbose=true --set lhd.incremental=false
METRIC full_synth_ms                           24881 ms
METRIC full_synth_peak_rss_kb                 881456 KiB
METRIC compile_full_ms                           216 ms
METRIC full_color_ms                               4 ms
METRIC full_abc_ms                             22217 ms
METRIC full_sta_ms                              2379 ms
METRIC full_regions                               96 regions
METRIC full_gates                              35462 gates
METRIC full_area                           284276.22 um2
METRIC full_max_delay                           64.0 ns
METRIC full_div_blackbox                           0 cones
METRIC full_max_region_ms                       2883 ms
METRIC full_abc_peak_rss_kb                    49248 KiB
METRIC full_color_all_count                       96 colors
METRIC full_color_all_ge_sum                277034.0 GE
METRIC full_color_all_ms_sum                 12527.2 ms
METRIC full_color_lt_1k_count                     78 colors
METRIC full_color_lt_1k_ge_sum                9356.0 GE
METRIC full_color_lt_1k_ms_sum                3468.8 ms
METRIC full_color_1k_5k_count                     10 colors
METRIC full_color_1k_5k_ge_sum               23643.0 GE
METRIC full_color_1k_5k_ms_sum                2069.7 ms
METRIC full_color_5k_15k_count                     1 colors
METRIC full_color_5k_15k_ge_sum               5929.0 GE
METRIC full_color_5k_15k_ms_sum               1192.5 ms
METRIC full_color_15k_25k_count                    4 colors
METRIC full_color_15k_25k_ge_sum             79914.0 GE
METRIC full_color_15k_25k_ms_sum               969.0 ms
METRIC full_color_ge_25k_count                     3 colors
METRIC full_color_ge_25k_ge_sum             158192.0 GE
METRIC full_color_ge_25k_ms_sum               4827.2 ms
METRIC full_sta_delay                        29.8594 ns
CMD pass1_synth: lhd synth src/pyrope/PipelinedDualIssueCPU.prp --top PipelinedDualIssueCPU --workdir W --emit-dir lg:net_pass1 --result-json r_pass1.json --stats --set abc.memory_budget_mb=16384 --set abc.time_budget_ms=900000 --set abc.verbose=true
METRIC pass1_synth_ms                          24636 ms
METRIC pass1_synth_peak_rss_kb                893236 KiB
METRIC compile_pass1_ms                          221 ms
METRIC pass1_color_ms                              4 ms
METRIC pass1_abc_ms                            21900 ms
METRIC pass1_sta_ms                             2432 ms
METRIC pass1_regions                              96 regions
METRIC pass1_gates                             35462 gates
METRIC pass1_area                          284276.22 um2
METRIC pass1_max_delay                          64.0 ns
METRIC pass1_div_blackbox                          0 cones
METRIC pass1_max_region_ms                      2867 ms
METRIC pass1_abc_peak_rss_kb                   49052 KiB
METRIC pass1_color_all_count                      76 colors
METRIC pass1_color_all_ge_sum               157389.0 GE
METRIC pass1_color_all_ms_sum                 9413.4 ms
METRIC pass1_color_lt_1k_count                    65 colors
METRIC pass1_color_lt_1k_ge_sum               5898.0 GE
METRIC pass1_color_lt_1k_ms_sum               2377.2 ms
METRIC pass1_color_1k_5k_count                     6 colors
METRIC pass1_color_1k_5k_ge_sum              13089.0 GE
METRIC pass1_color_1k_5k_ms_sum               1511.2 ms
METRIC pass1_color_5k_15k_count                    1 colors
METRIC pass1_color_5k_15k_ge_sum              5929.0 GE
METRIC pass1_color_5k_15k_ms_sum              1199.2 ms
METRIC pass1_color_15k_25k_count                   2 colors
METRIC pass1_color_15k_25k_ge_sum            39957.0 GE
METRIC pass1_color_15k_25k_ms_sum              483.5 ms
METRIC pass1_color_ge_25k_count                    2 colors
METRIC pass1_color_ge_25k_ge_sum             92516.0 GE
METRIC pass1_color_ge_25k_ms_sum              3842.3 ms
METRIC pass1_sta_delay                       29.8594 ns
METRIC pass1_sta_cache_hits                        0 hits
METRIC pass1_sta_cache_misses                      1 misses
METRIC pass1_sta_lookup_ms                        25 ms
METRIC pass1_cache_hits                           20 hits
METRIC pass1_cache_misses                         76 misses
METRIC pass1_cache_hit_ms                       2420 ms
METRIC pass1_cache_miss_ms                      9413 ms
VARIANT comment1: overlaid ALU.prp
CMD pass2_synth: lhd synth src/pyrope/PipelinedDualIssueCPU.prp --top PipelinedDualIssueCPU --workdir W --emit-dir lg:net_pass2 --result-json r_pass2.json --stats --set abc.memory_budget_mb=16384 --set abc.time_budget_ms=900000 --set abc.verbose=true
METRIC pass2_synth_ms                          16884 ms
METRIC pass2_synth_peak_rss_kb                861476 KiB
METRIC compile_pass2_ms                          200 ms
METRIC pass2_color_ms                              4 ms
METRIC pass2_abc_ms                            14173 ms
METRIC pass2_sta_ms                             2440 ms
METRIC pass2_regions                              96 regions
METRIC pass2_gates                             35462 gates
METRIC pass2_area                          284276.22 um2
METRIC pass2_max_delay                          64.0 ns
METRIC pass2_div_blackbox                          0 cones
METRIC pass2_max_region_ms                      2971 ms
METRIC pass2_abc_peak_rss_kb                   54092 KiB
METRIC pass2_color_all_count                       1 colors
METRIC pass2_color_all_ge_sum                26840.0 GE
METRIC pass2_color_all_ms_sum                 2970.7 ms
METRIC pass2_color_lt_1k_count                     0 colors
METRIC pass2_color_lt_1k_ge_sum                    0 GE
METRIC pass2_color_lt_1k_ms_sum                    0 ms
METRIC pass2_color_1k_5k_count                     0 colors
METRIC pass2_color_1k_5k_ge_sum                    0 GE
METRIC pass2_color_1k_5k_ms_sum                    0 ms
METRIC pass2_color_5k_15k_count                    0 colors
METRIC pass2_color_5k_15k_ge_sum                   0 GE
METRIC pass2_color_5k_15k_ms_sum                   0 ms
METRIC pass2_color_15k_25k_count                   0 colors
METRIC pass2_color_15k_25k_ge_sum                  0 GE
METRIC pass2_color_15k_25k_ms_sum                  0 ms
METRIC pass2_color_ge_25k_count                    1 colors
METRIC pass2_color_ge_25k_ge_sum             26840.0 GE
METRIC pass2_color_ge_25k_ms_sum              2970.7 ms
METRIC pass2_sta_delay                       29.8594 ns
METRIC pass2_sta_cache_hits                        0 hits
METRIC pass2_sta_cache_misses                      1 misses
METRIC pass2_sta_lookup_ms                        25 ms
METRIC pass2_cache_hits                           95 hits
METRIC pass2_cache_misses                          1 misses
METRIC pass2_cache_hit_ms                        136 ms
METRIC pass2_cache_miss_ms                      2971 ms
METRIC abc_warm_speedup                         3.17 x
METRIC pass2_compile_misses                        1 misses
VARIANT bug1: overlaid ALU.prp
CMD pass3_synth: lhd synth src/pyrope/PipelinedDualIssueCPU.prp --top PipelinedDualIssueCPU --workdir W --emit-dir lg:net_pass3 --result-json r_pass3.json --stats --set abc.memory_budget_mb=16384 --set abc.time_budget_ms=900000 --set abc.verbose=true
METRIC pass3_synth_ms                          21516 ms
METRIC pass3_synth_peak_rss_kb                869756 KiB
METRIC compile_pass3_ms                          196 ms
METRIC pass3_color_ms                              4 ms
METRIC pass3_abc_ms                            18820 ms
METRIC pass3_sta_ms                             2415 ms
METRIC pass3_regions                              92 regions
METRIC pass3_gates                             35394 gates
METRIC pass3_area                          282821.79 um2
METRIC pass3_max_delay                          64.0 ns
METRIC pass3_div_blackbox                          0 cones
METRIC pass3_max_region_ms                      2982 ms
METRIC pass3_abc_peak_rss_kb                   53572 KiB
METRIC pass3_color_all_count                      43 colors
METRIC pass3_color_all_ge_sum                36739.0 GE
METRIC pass3_color_all_ms_sum                 6284.9 ms
METRIC pass3_color_lt_1k_count                    39 colors
METRIC pass3_color_lt_1k_ge_sum               1499.0 GE
METRIC pass3_color_lt_1k_ms_sum               1152.5 ms
METRIC pass3_color_1k_5k_count                     2 colors
METRIC pass3_color_1k_5k_ge_sum               2471.0 GE
METRIC pass3_color_1k_5k_ms_sum                948.6 ms
METRIC pass3_color_5k_15k_count                    1 colors
METRIC pass3_color_5k_15k_ge_sum              5929.0 GE
METRIC pass3_color_5k_15k_ms_sum              1201.5 ms
METRIC pass3_color_15k_25k_count                   0 colors
METRIC pass3_color_15k_25k_ge_sum                  0 GE
METRIC pass3_color_15k_25k_ms_sum                  0 ms
METRIC pass3_color_ge_25k_count                    1 colors
METRIC pass3_color_ge_25k_ge_sum             26840.0 GE
METRIC pass3_color_ge_25k_ms_sum              2982.3 ms
METRIC pass3_sta_delay                       29.8099 ns
METRIC pass3_sta_cache_hits                        0 hits
METRIC pass3_sta_cache_misses                      1 misses
METRIC pass3_sta_lookup_ms                        25 ms
METRIC pass3_cache_hits                           49 hits
METRIC pass3_cache_misses                         43 misses
METRIC pass3_cache_hit_ms                       2944 ms
METRIC pass3_cache_miss_ms                      6285 ms
METRIC synthesis_elapsed_ms                    88747 ms
PASS: warm hits=95/misses=1 (2971ms re-mapped of 9413ms cold); sta reuse=0; after one-line edit hits=49/misses=43
