Executing tests from //bench:matched_filter_synth_incremental
CMD full_synth: lhd synth src/pyrope/matched_filter.prp --top matched_filter --workdir W_full --emit-dir lg:net_full --result-json r_full.json --stats --set color.synth.max_ge=4000 --set abc.memory_budget_mb=16384 --set abc.time_budget_ms=900000 --set abc.verbose=true --set lhd.incremental=false
METRIC full_synth_ms                           18113 ms
METRIC full_synth_peak_rss_kb                 496960 KiB
METRIC compile_full_ms                           255 ms
METRIC full_color_ms                               5 ms
METRIC full_abc_ms                             17076 ms
METRIC full_sta_ms                               729 ms
METRIC full_regions                              195 regions
METRIC full_gates                              10141 gates
METRIC full_area                            71411.89 um2
METRIC full_max_delay                           10.0 ns
METRIC full_div_blackbox                           0 cones
METRIC full_max_region_ms                        352 ms
METRIC full_abc_peak_rss_kb                    13112 KiB
METRIC full_color_all_count                      195 colors
METRIC full_color_all_ge_sum                 10259.0 GE
METRIC full_color_all_ms_sum                  9456.4 ms
METRIC full_color_lt_1k_count                    194 colors
METRIC full_color_lt_1k_ge_sum                4651.0 GE
METRIC full_color_lt_1k_ms_sum                9103.9 ms
METRIC full_color_1k_5k_count                      0 colors
METRIC full_color_1k_5k_ge_sum                     0 GE
METRIC full_color_1k_5k_ms_sum                     0 ms
METRIC full_color_5k_15k_count                     1 colors
METRIC full_color_5k_15k_ge_sum               5608.0 GE
METRIC full_color_5k_15k_ms_sum                352.5 ms
METRIC full_color_15k_25k_count                    0 colors
METRIC full_color_15k_25k_ge_sum                   0 GE
METRIC full_color_15k_25k_ms_sum                   0 ms
METRIC full_color_ge_25k_count                     0 colors
METRIC full_color_ge_25k_ge_sum                    0 GE
METRIC full_color_ge_25k_ms_sum                    0 ms
METRIC full_sta_delay                        5.70702 ns
CMD pass1_synth: lhd synth src/pyrope/matched_filter.prp --top matched_filter --workdir W --emit-dir lg:net_pass1 --result-json r_pass1.json --stats --set color.synth.max_ge=4000 --set abc.memory_budget_mb=16384 --set abc.time_budget_ms=900000 --set abc.verbose=true
METRIC pass1_synth_ms                          17217 ms
METRIC pass1_synth_peak_rss_kb                499360 KiB
METRIC compile_pass1_ms                          269 ms
METRIC pass1_color_ms                              5 ms
METRIC pass1_abc_ms                            16175 ms
METRIC pass1_sta_ms                              712 ms
METRIC pass1_regions                             195 regions
METRIC pass1_gates                             10141 gates
METRIC pass1_area                           71411.89 um2
METRIC pass1_max_delay                          10.0 ns
METRIC pass1_div_blackbox                          0 cones
METRIC pass1_max_region_ms                       351 ms
METRIC pass1_abc_peak_rss_kb                   12980 KiB
METRIC pass1_color_all_count                     195 colors
METRIC pass1_color_all_ge_sum                10259.0 GE
METRIC pass1_color_all_ms_sum                 8133.4 ms
METRIC pass1_color_lt_1k_count                   194 colors
METRIC pass1_color_lt_1k_ge_sum               4651.0 GE
METRIC pass1_color_lt_1k_ms_sum               7782.0 ms
METRIC pass1_color_1k_5k_count                     0 colors
METRIC pass1_color_1k_5k_ge_sum                    0 GE
METRIC pass1_color_1k_5k_ms_sum                    0 ms
METRIC pass1_color_5k_15k_count                    1 colors
METRIC pass1_color_5k_15k_ge_sum              5608.0 GE
METRIC pass1_color_5k_15k_ms_sum               351.4 ms
METRIC pass1_color_15k_25k_count                   0 colors
METRIC pass1_color_15k_25k_ge_sum                  0 GE
METRIC pass1_color_15k_25k_ms_sum                  0 ms
METRIC pass1_color_ge_25k_count                    0 colors
METRIC pass1_color_ge_25k_ge_sum                   0 GE
METRIC pass1_color_ge_25k_ms_sum                   0 ms
METRIC pass1_sta_delay                       5.70702 ns
METRIC pass1_sta_cache_hits                        0 hits
METRIC pass1_sta_cache_misses                      1 misses
METRIC pass1_sta_lookup_ms                         8 ms
METRIC pass1_cache_hits                           63 hits
METRIC pass1_cache_misses                        132 misses
METRIC pass1_cache_hit_ms                          0 ms
METRIC pass1_cache_miss_ms                      8133 ms
VARIANT comment1: overlaid tap.prp
CMD pass2_synth: lhd synth src/pyrope/matched_filter.prp --top matched_filter --workdir W --emit-dir lg:net_pass2 --result-json r_pass2.json --stats --set color.synth.max_ge=4000 --set abc.memory_budget_mb=16384 --set abc.time_budget_ms=900000 --set abc.verbose=true
METRIC pass2_synth_ms                           9359 ms
METRIC pass2_synth_peak_rss_kb                467400 KiB
METRIC compile_pass2_ms                           25 ms
METRIC pass2_color_ms                              6 ms
METRIC pass2_abc_ms                             8600 ms
METRIC pass2_sta_ms                              679 ms
METRIC pass2_regions                             195 regions
METRIC pass2_gates                             10141 gates
METRIC pass2_area                           71411.89 um2
METRIC pass2_max_delay                          10.0 ns
METRIC pass2_div_blackbox                          0 cones
METRIC pass2_max_region_ms                       138 ms
METRIC pass2_abc_peak_rss_kb                  112252 KiB
METRIC pass2_color_all_count                       1 colors
METRIC pass2_color_all_ge_sum                   63.0 GE
METRIC pass2_color_all_ms_sum                  137.6 ms
METRIC pass2_color_lt_1k_count                     1 colors
METRIC pass2_color_lt_1k_ge_sum                 63.0 GE
METRIC pass2_color_lt_1k_ms_sum                137.6 ms
METRIC pass2_color_1k_5k_count                     0 colors
METRIC pass2_color_1k_5k_ge_sum                    0 GE
METRIC pass2_color_1k_5k_ms_sum                    0 ms
METRIC pass2_color_5k_15k_count                    0 colors
METRIC pass2_color_5k_15k_ge_sum                   0 GE
METRIC pass2_color_5k_15k_ms_sum                   0 ms
METRIC pass2_color_15k_25k_count                   0 colors
METRIC pass2_color_15k_25k_ge_sum                  0 GE
METRIC pass2_color_15k_25k_ms_sum                  0 ms
METRIC pass2_color_ge_25k_count                    0 colors
METRIC pass2_color_ge_25k_ge_sum                   0 GE
METRIC pass2_color_ge_25k_ms_sum                   0 ms
METRIC pass2_sta_delay                       5.70702 ns
METRIC pass2_sta_cache_hits                        0 hits
METRIC pass2_sta_cache_misses                      1 misses
METRIC pass2_sta_lookup_ms                         8 ms
METRIC pass2_cache_hits                          194 hits
METRIC pass2_cache_misses                          1 misses
METRIC pass2_cache_hit_ms                        182 ms
METRIC pass2_cache_miss_ms                       138 ms
METRIC abc_warm_speedup                        58.93 x
METRIC pass2_compile_misses                        1 misses
VARIANT local_output: overlaid matched_filter.prp
CMD pass3_synth: lhd synth src/pyrope/matched_filter.prp --top matched_filter --workdir W --emit-dir lg:net_pass3 --result-json r_pass3.json --stats --set color.synth.max_ge=4000 --set abc.memory_budget_mb=16384 --set abc.time_budget_ms=900000 --set abc.verbose=true
METRIC pass3_synth_ms                           9936 ms
METRIC pass3_synth_peak_rss_kb                499384 KiB
METRIC compile_pass3_ms                          285 ms
METRIC pass3_color_ms                              5 ms
METRIC pass3_abc_ms                             8856 ms
METRIC pass3_sta_ms                              732 ms
METRIC pass3_regions                             195 regions
METRIC pass3_gates                             10142 gates
METRIC pass3_area                           71415.64 um2
METRIC pass3_max_delay                          10.0 ns
METRIC pass3_div_blackbox                          0 cones
METRIC pass3_max_region_ms                       344 ms
METRIC pass3_abc_peak_rss_kb                  172172 KiB
METRIC pass3_color_all_count                       3 colors
METRIC pass3_color_all_ge_sum                 6099.0 GE
METRIC pass3_color_all_ms_sum                  614.9 ms
METRIC pass3_color_lt_1k_count                     2 colors
METRIC pass3_color_lt_1k_ge_sum                481.0 GE
METRIC pass3_color_lt_1k_ms_sum                270.4 ms
METRIC pass3_color_1k_5k_count                     0 colors
METRIC pass3_color_1k_5k_ge_sum                    0 GE
METRIC pass3_color_1k_5k_ms_sum                    0 ms
METRIC pass3_color_5k_15k_count                    1 colors
METRIC pass3_color_5k_15k_ge_sum              5618.0 GE
METRIC pass3_color_5k_15k_ms_sum               344.5 ms
METRIC pass3_color_15k_25k_count                   0 colors
METRIC pass3_color_15k_25k_ge_sum                  0 GE
METRIC pass3_color_15k_25k_ms_sum                  0 ms
METRIC pass3_color_ge_25k_count                    0 colors
METRIC pass3_color_ge_25k_ge_sum                   0 GE
METRIC pass3_color_ge_25k_ms_sum                   0 ms
METRIC pass3_sta_delay                       5.70702 ns
METRIC pass3_sta_cache_hits                        0 hits
METRIC pass3_sta_cache_misses                      1 misses
METRIC pass3_sta_lookup_ms                         8 ms
METRIC pass3_cache_hits                          192 hits
METRIC pass3_cache_misses                          3 misses
METRIC pass3_cache_hit_ms                        160 ms
METRIC pass3_cache_miss_ms                       615 ms
METRIC synthesis_elapsed_ms                    55381 ms
PASS: warm hits=194/misses=1 (138ms re-mapped of 8133ms cold); sta reuse=0; after one-line edit hits=192/misses=3
