Executing tests from //bench:matched_filter_sim_incremental_llvm
METRIC sim_backend_llvm                            1 bool
METRIC sim_ninja_present                           1 bool
CMD sim_setup_full: lhd sim tree/matched_filter.prp tree/matched_filter_tb.prp --setup-only --set sim.vcd=false --set sim.tune.profile=off --set sim.tune.backend=llvm --workdir SW --set sim.jobs=32 --set lhd.incremental=false
METRIC sim_setup_full_ms                         352 ms
CMD sim_cc_full: lhd sim tree/matched_filter.prp tree/matched_filter_tb.prp --run-only --set sim.compile_only=true --set sim.ninja=/var/tmp/lhdsuite-review-tools-20261005/ninja --set sim.tune.profile=off --set sim.tune.backend=llvm --diag-fmt pretty --workdir SW --set sim.jobs=32 --set lhd.incremental=false
METRIC sim_cc_full_ms                           6597 ms
METRIC workdir_bytes_full                    5103616 bytes
CMD sim_exec_full: SW/sim/drv.bin --cycles 5000000 --result-json SW/sim/exec_tests.json
METRIC sim_exec_gate_ok                            1 bool
CMD sim_setup_cold: lhd sim tree/matched_filter.prp tree/matched_filter_tb.prp --setup-only --set sim.vcd=false --set sim.tune.profile=off --set sim.tune.backend=llvm --workdir SW --set sim.jobs=32
METRIC sim_setup_cold_ms                         460 ms
CMD sim_cc_cold: lhd sim tree/matched_filter.prp tree/matched_filter_tb.prp --run-only --set sim.compile_only=true --set sim.ninja=/var/tmp/lhdsuite-review-tools-20261005/ninja --set sim.tune.profile=off --set sim.tune.backend=llvm --diag-fmt pretty --workdir SW --set sim.jobs=32
METRIC sim_cc_cold_ms                           6538 ms
METRIC workdir_bytes_cold                    9646080 bytes
CMD sim_exec_cold: SW/sim/drv.bin --cycles 5000000 --result-json SW/sim/exec_tests.json
METRIC sim_exec_cold_equals_full                   1 bool
VARIANT comment-only: appended to tap.prp
CMD sim_setup_comment: lhd sim tree/matched_filter.prp tree/matched_filter_tb.prp --setup-only --set sim.vcd=false --set sim.tune.profile=off --set sim.tune.backend=llvm --workdir SW --set sim.jobs=32
METRIC sim_setup_comment_ms                       71 ms
CMD sim_cc_comment: lhd sim tree/matched_filter.prp tree/matched_filter_tb.prp --run-only --set sim.compile_only=true --set sim.ninja=/var/tmp/lhdsuite-review-tools-20261005/ninja --set sim.tune.profile=off --set sim.tune.backend=llvm --diag-fmt pretty --workdir SW --set sim.jobs=32
METRIC sim_cc_comment_ms                          58 ms
METRIC workdir_bytes_comment                 9650176 bytes
METRIC sim_rewritten_comment                       0 files
METRIC sim_warm_equals_cold                        1 bool
CMD sim_exec_comment: SW/sim/drv.bin --cycles 5000000 --result-json SW/sim/exec_tests.json
METRIC sim_exec_comment_equals_full                1 bool
VARIANT bug1: overlaid tap.prp
CMD sim_setup_edit: lhd sim tree/matched_filter.prp tree/matched_filter_tb.prp --setup-only --set sim.vcd=false --set sim.tune.profile=off --set sim.tune.backend=llvm --workdir SW --set sim.jobs=32
METRIC sim_setup_edit_ms                         387 ms
CMD sim_cc_edit: lhd sim tree/matched_filter.prp tree/matched_filter_tb.prp --run-only --set sim.compile_only=true --set sim.ninja=/var/tmp/lhdsuite-review-tools-20261005/ninja --set sim.tune.profile=off --set sim.tune.backend=llvm --diag-fmt pretty --workdir SW --set sim.jobs=32
METRIC sim_cc_edit_ms                           3476 ms
METRIC workdir_bytes_edit                    9797632 bytes
METRIC sim_rewritten_edit                          9 files
CMD sim_setup_oracle: lhd sim tree/matched_filter.prp tree/matched_filter_tb.prp --setup-only --set sim.vcd=false --set sim.tune.profile=off --set sim.tune.backend=llvm --workdir SW_oracle --set sim.jobs=32 --set lhd.incremental=false
METRIC sim_setup_oracle_ms                       367 ms
CMD sim_cc_oracle: lhd sim tree/matched_filter.prp tree/matched_filter_tb.prp --run-only --set sim.compile_only=true --set sim.ninja=/var/tmp/lhdsuite-review-tools-20261005/ninja --set sim.tune.profile=off --set sim.tune.backend=llvm --diag-fmt pretty --workdir SW_oracle --set sim.jobs=32 --set lhd.incremental=false
METRIC sim_cc_oracle_ms                         6626 ms
METRIC workdir_bytes_oracle                  5222400 bytes
CMD sim_exec_oracle: SW_oracle/sim/drv.bin --cycles 5000000 --result-json SW_oracle/sim/exec_tests.json
CMD sim_exec_edit: SW/sim/drv.bin --cycles 5000000 --result-json SW/sim/exec_tests.json
METRIC sim_exec_edit_equals_oracle                 1 bool
METRIC sim_edit_tree_equals_oracle                 1 bool
PASS: sim_incremental built drv.bin for full/cold/no-change/edit; cold and no-change simulate exactly like the caches-off build, the edit exactly like a from-scratch build of the edited tree
