Executing tests from //bench:minion_synth_incremental
CMD full_synth: lhd synth src/pyrope/minion_top.prp --top minion_top --workdir W_full --emit-dir lg:net_full --result-json r_full.json --stats --set sim.jobs=32 --set abc.memory_budget_mb=16384 --set abc.time_budget_ms=900000 --set abc.verbose=true --set lhd.incremental=false
METRIC full_synth_ms                          438638 ms
METRIC full_synth_peak_rss_kb               11662120 KiB
METRIC compile_full_ms                         29392 ms
METRIC full_color_ms                            3914 ms
METRIC full_abc_ms                            353529 ms
METRIC full_sta_ms                             51107 ms
METRIC full_regions                             1482 regions
METRIC full_gates                             651305 gates
METRIC full_area                         5214473.706 um2
METRIC full_max_delay                           65.0 ns
METRIC full_div_blackbox                           0 cones
METRIC full_max_region_ms                       2628 ms
METRIC full_abc_peak_rss_kb                    45604 KiB
METRIC full_color_all_count                     1482 colors
METRIC full_color_all_ge_sum               3043808.0 GE
METRIC full_color_all_ms_sum                 90234.0 ms
METRIC full_color_lt_1k_count                   1191 colors
METRIC full_color_lt_1k_ge_sum              156890.0 GE
METRIC full_color_lt_1k_ms_sum               29909.9 ms
METRIC full_color_1k_5k_count                    141 colors
METRIC full_color_1k_5k_ge_sum              332107.0 GE
METRIC full_color_1k_5k_ms_sum               21512.2 ms
METRIC full_color_5k_15k_count                   114 colors
METRIC full_color_5k_15k_ge_sum            1017853.0 GE
METRIC full_color_5k_15k_ms_sum              29439.6 ms
METRIC full_color_15k_25k_count                   11 colors
METRIC full_color_15k_25k_ge_sum            226773.0 GE
METRIC full_color_15k_25k_ms_sum              7894.1 ms
METRIC full_color_ge_25k_count                    25 colors
METRIC full_color_ge_25k_ge_sum            1310185.0 GE
METRIC full_color_ge_25k_ms_sum               1478.2 ms
METRIC full_sta_delay                        45.9279 ns
CMD pass1_synth: lhd synth src/pyrope/minion_top.prp --top minion_top --workdir W --emit-dir lg:net_pass1 --result-json r_pass1.json --stats --set sim.jobs=32 --set abc.memory_budget_mb=16384 --set abc.time_budget_ms=900000 --set abc.verbose=true
METRIC pass1_synth_ms                         359168 ms
METRIC pass1_synth_peak_rss_kb              12145156 KiB
METRIC compile_pass1_ms                        29590 ms
METRIC pass1_color_ms                           3949 ms
METRIC pass1_abc_ms                           271216 ms
METRIC pass1_sta_ms                            53202 ms
METRIC pass1_regions                            1482 regions
METRIC pass1_gates                            651305 gates
METRIC pass1_area                        5214473.706 um2
METRIC pass1_max_delay                          65.0 ns
METRIC pass1_div_blackbox                          0 cones
METRIC pass1_max_region_ms                      2628 ms
METRIC pass1_abc_peak_rss_kb                   45484 KiB
METRIC pass1_color_all_count                    1474 colors
METRIC pass1_color_all_ge_sum              2791022.0 GE
METRIC pass1_color_all_ms_sum                92229.9 ms
METRIC pass1_color_lt_1k_count                  1191 colors
METRIC pass1_color_lt_1k_ge_sum             156890.0 GE
METRIC pass1_color_lt_1k_ms_sum              31614.3 ms
METRIC pass1_color_1k_5k_count                   141 colors
METRIC pass1_color_1k_5k_ge_sum             332107.0 GE
METRIC pass1_color_1k_5k_ms_sum              21732.7 ms
METRIC pass1_color_5k_15k_count                  113 colors
METRIC pass1_color_5k_15k_ge_sum           1012440.0 GE
METRIC pass1_color_5k_15k_ms_sum             29721.0 ms
METRIC pass1_color_15k_25k_count                  11 colors
METRIC pass1_color_15k_25k_ge_sum           226773.0 GE
METRIC pass1_color_15k_25k_ms_sum             7939.9 ms
METRIC pass1_color_ge_25k_count                   18 colors
METRIC pass1_color_ge_25k_ge_sum           1062812.0 GE
METRIC pass1_color_ge_25k_ms_sum              1222.0 ms
METRIC pass1_sta_delay                       45.9279 ns
METRIC pass1_sta_cache_hits                        0 hits
METRIC pass1_sta_cache_misses                      1 misses
METRIC pass1_sta_lookup_ms                         6 ms
METRIC pass1_cache_hits                            8 hits
METRIC pass1_cache_misses                       1474 misses
METRIC pass1_cache_hit_ms                          1 ms
METRIC pass1_cache_miss_ms                     92230 ms
VARIANT comment1: overlaid txfma_adder.prp
CMD pass2_synth: lhd synth src/pyrope/minion_top.prp --top minion_top --workdir W --emit-dir lg:net_pass2 --result-json r_pass2.json --stats --set sim.jobs=32 --set abc.memory_budget_mb=16384 --set abc.time_budget_ms=900000 --set abc.verbose=true
METRIC pass2_synth_ms                         336216 ms
METRIC pass2_synth_peak_rss_kb              11911484 KiB
METRIC compile_pass2_ms                        29646 ms
METRIC pass2_color_ms                           4322 ms
METRIC pass2_abc_ms                           246906 ms
METRIC pass2_sta_ms                            54165 ms
METRIC pass2_regions                            1482 regions
METRIC pass2_gates                            651305 gates
METRIC pass2_area                        5214473.706 um2
METRIC pass2_max_delay                          65.0 ns
METRIC pass2_div_blackbox                          0 cones
METRIC pass2_max_region_ms                      2663 ms
METRIC pass2_abc_peak_rss_kb                   45604 KiB
METRIC pass2_color_all_count                     106 colors
METRIC pass2_color_all_ge_sum               110292.0 GE
METRIC pass2_color_all_ms_sum                11982.1 ms
METRIC pass2_color_lt_1k_count                    87 colors
METRIC pass2_color_lt_1k_ge_sum              26259.0 GE
METRIC pass2_color_lt_1k_ms_sum               1398.6 ms
METRIC pass2_color_1k_5k_count                    15 colors
METRIC pass2_color_1k_5k_ge_sum              27773.0 GE
METRIC pass2_color_1k_5k_ms_sum               4010.6 ms
METRIC pass2_color_5k_15k_count                    2 colors
METRIC pass2_color_5k_15k_ge_sum             17000.0 GE
METRIC pass2_color_5k_15k_ms_sum              1409.0 ms
METRIC pass2_color_15k_25k_count                   2 colors
METRIC pass2_color_15k_25k_ge_sum            39260.0 GE
METRIC pass2_color_15k_25k_ms_sum             5163.9 ms
METRIC pass2_color_ge_25k_count                    0 colors
METRIC pass2_color_ge_25k_ge_sum                   0 GE
METRIC pass2_color_ge_25k_ms_sum                   0 ms
METRIC pass2_sta_delay                       45.9279 ns
METRIC pass2_sta_cache_hits                        0 hits
METRIC pass2_sta_cache_misses                      1 misses
METRIC pass2_sta_lookup_ms                         6 ms
METRIC pass2_cache_hits                         1376 hits
METRIC pass2_cache_misses                        106 misses
METRIC pass2_cache_hit_ms                       2229 ms
METRIC pass2_cache_miss_ms                     11982 ms
METRIC abc_warm_speedup                          7.7 x
METRIC pass2_compile_misses                        1 misses
VARIANT bug1: overlaid txfma_adder.prp
CMD pass3_synth: lhd synth src/pyrope/minion_top.prp --top minion_top --workdir W --emit-dir lg:net_pass3 --result-json r_pass3.json --stats --set sim.jobs=32 --set abc.memory_budget_mb=16384 --set abc.time_budget_ms=900000 --set abc.verbose=true
METRIC pass3_synth_ms                         325650 ms
METRIC pass3_synth_peak_rss_kb              11760456 KiB
METRIC compile_pass3_ms                        29062 ms
METRIC pass3_color_ms                           4385 ms
METRIC pass3_abc_ms                           236975 ms
METRIC pass3_sta_ms                            54030 ms
METRIC pass3_regions                            1482 regions
METRIC pass3_gates                            651313 gates
METRIC pass3_area                        5222928.266 um2
METRIC pass3_max_delay                          65.0 ns
METRIC pass3_div_blackbox                          0 cones
METRIC pass3_max_region_ms                      2612 ms
METRIC pass3_abc_peak_rss_kb                   46100 KiB
METRIC pass3_color_all_count                     123 colors
METRIC pass3_color_all_ge_sum               184996.0 GE
METRIC pass3_color_all_ms_sum                17967.0 ms
METRIC pass3_color_lt_1k_count                    96 colors
METRIC pass3_color_lt_1k_ge_sum              26323.0 GE
METRIC pass3_color_lt_1k_ms_sum               1543.3 ms
METRIC pass3_color_1k_5k_count                    15 colors
METRIC pass3_color_1k_5k_ge_sum              27773.0 GE
METRIC pass3_color_1k_5k_ms_sum               3288.9 ms
METRIC pass3_color_5k_15k_count                   10 colors
METRIC pass3_color_5k_15k_ge_sum             91640.0 GE
METRIC pass3_color_5k_15k_ms_sum              8089.9 ms
METRIC pass3_color_15k_25k_count                   2 colors
METRIC pass3_color_15k_25k_ge_sum            39260.0 GE
METRIC pass3_color_15k_25k_ms_sum             5044.9 ms
METRIC pass3_color_ge_25k_count                    0 colors
METRIC pass3_color_ge_25k_ge_sum                   0 GE
METRIC pass3_color_ge_25k_ms_sum                   0 ms
METRIC pass3_sta_delay                       45.9279 ns
METRIC pass3_sta_cache_hits                        0 hits
METRIC pass3_sta_cache_misses                      1 misses
METRIC pass3_sta_lookup_ms                         6 ms
METRIC pass3_cache_hits                         1359 hits
METRIC pass3_cache_misses                        123 misses
METRIC pass3_cache_hit_ms                       1930 ms
METRIC pass3_cache_miss_ms                     17967 ms
METRIC synthesis_elapsed_ms                  1460692 ms
PASS: warm hits=1376/misses=106 (11982ms re-mapped of 92230ms cold); sta reuse=0; after one-line edit hits=1359/misses=123
