Executing tests from //bench:picorv32_synth_incremental
CMD full_synth: lhd synth src/pyrope/picorv32_top.prp --top picorv32_top --workdir W_full --emit-dir lg:net_full --result-json r_full.json --stats --set abc.memory_budget_mb=16384 --set abc.time_budget_ms=900000 --set abc.verbose=true --set lhd.incremental=false
METRIC full_synth_ms                            9633 ms
METRIC full_synth_peak_rss_kb                 622768 KiB
METRIC compile_full_ms                           374 ms
METRIC full_color_ms                              12 ms
METRIC full_abc_ms                              8386 ms
METRIC full_sta_ms                               817 ms
METRIC full_regions                               27 regions
METRIC full_gates                               9920 gates
METRIC full_area                            73903.08 um2
METRIC full_max_delay                           32.0 ns
METRIC full_div_blackbox                           0 cones
METRIC full_max_region_ms                       5796 ms
METRIC full_abc_peak_rss_kb                    14908 KiB
METRIC full_color_all_count                       27 colors
METRIC full_color_all_ge_sum                 15252.0 GE
METRIC full_color_all_ms_sum                  8604.6 ms
METRIC full_color_lt_1k_count                     25 colors
METRIC full_color_lt_1k_ge_sum                3256.0 GE
METRIC full_color_lt_1k_ms_sum                2216.3 ms
METRIC full_color_1k_5k_count                      1 colors
METRIC full_color_1k_5k_ge_sum                4152.0 GE
METRIC full_color_1k_5k_ms_sum                 592.5 ms
METRIC full_color_5k_15k_count                     1 colors
METRIC full_color_5k_15k_ge_sum               7844.0 GE
METRIC full_color_5k_15k_ms_sum               5795.8 ms
METRIC full_color_15k_25k_count                    0 colors
METRIC full_color_15k_25k_ge_sum                   0 GE
METRIC full_color_15k_25k_ms_sum                   0 ms
METRIC full_color_ge_25k_count                     0 colors
METRIC full_color_ge_25k_ge_sum                    0 GE
METRIC full_color_ge_25k_ms_sum                    0 ms
METRIC full_sta_delay                        13.6955 ns
CMD pass1_synth: lhd synth src/pyrope/picorv32_top.prp --top picorv32_top --workdir W --emit-dir lg:net_pass1 --result-json r_pass1.json --stats --set abc.memory_budget_mb=16384 --set abc.time_budget_ms=900000 --set abc.verbose=true
METRIC pass1_synth_ms                           9553 ms
METRIC pass1_synth_peak_rss_kb                643668 KiB
METRIC compile_pass1_ms                          384 ms
METRIC pass1_color_ms                             12 ms
METRIC pass1_abc_ms                             8308 ms
METRIC pass1_sta_ms                              793 ms
METRIC pass1_regions                              27 regions
METRIC pass1_gates                              9920 gates
METRIC pass1_area                           73903.08 um2
METRIC pass1_max_delay                          32.0 ns
METRIC pass1_div_blackbox                          0 cones
METRIC pass1_max_region_ms                      5747 ms
METRIC pass1_abc_peak_rss_kb                   15468 KiB
METRIC pass1_color_all_count                      27 colors
METRIC pass1_color_all_ge_sum                15252.0 GE
METRIC pass1_color_all_ms_sum                 8187.9 ms
METRIC pass1_color_lt_1k_count                    25 colors
METRIC pass1_color_lt_1k_ge_sum               3256.0 GE
METRIC pass1_color_lt_1k_ms_sum               1846.6 ms
METRIC pass1_color_1k_5k_count                     1 colors
METRIC pass1_color_1k_5k_ge_sum               4152.0 GE
METRIC pass1_color_1k_5k_ms_sum                594.0 ms
METRIC pass1_color_5k_15k_count                    1 colors
METRIC pass1_color_5k_15k_ge_sum              7844.0 GE
METRIC pass1_color_5k_15k_ms_sum              5747.3 ms
METRIC pass1_color_15k_25k_count                   0 colors
METRIC pass1_color_15k_25k_ge_sum                  0 GE
METRIC pass1_color_15k_25k_ms_sum                  0 ms
METRIC pass1_color_ge_25k_count                    0 colors
METRIC pass1_color_ge_25k_ge_sum                   0 GE
METRIC pass1_color_ge_25k_ms_sum                   0 ms
METRIC pass1_sta_delay                       13.6955 ns
METRIC pass1_sta_cache_hits                        0 hits
METRIC pass1_sta_cache_misses                      1 misses
METRIC pass1_sta_lookup_ms                         7 ms
METRIC pass1_cache_hits                            0 hits
METRIC pass1_cache_misses                         27 misses
METRIC pass1_cache_hit_ms                          0 ms
METRIC pass1_cache_miss_ms                      8188 ms
VARIANT comment1: appended to picorv32.prp
CMD pass2_synth: lhd synth src/pyrope/picorv32_top.prp --top picorv32_top --workdir W --emit-dir lg:net_pass2 --result-json r_pass2.json --stats --set abc.memory_budget_mb=16384 --set abc.time_budget_ms=900000 --set abc.verbose=true
METRIC pass2_synth_ms                           2839 ms
METRIC pass2_synth_peak_rss_kb                460812 KiB
METRIC compile_pass2_ms                           33 ms
METRIC pass2_color_ms                             13 ms
METRIC pass2_abc_ms                             1968 ms
METRIC pass2_sta_ms                              788 ms
METRIC pass2_regions                              27 regions
METRIC pass2_gates                              9920 gates
METRIC pass2_area                           73903.08 um2
METRIC pass2_max_delay                          32.0 ns
METRIC pass2_div_blackbox                          0 cones
METRIC pass2_max_region_ms                       714 ms
METRIC pass2_abc_peak_rss_kb                   26980 KiB
METRIC pass2_color_all_count                       2 colors
METRIC pass2_color_all_ge_sum                 4167.0 GE
METRIC pass2_color_all_ms_sum                  851.7 ms
METRIC pass2_color_lt_1k_count                     1 colors
METRIC pass2_color_lt_1k_ge_sum                 15.0 GE
METRIC pass2_color_lt_1k_ms_sum                137.7 ms
METRIC pass2_color_1k_5k_count                     1 colors
METRIC pass2_color_1k_5k_ge_sum               4152.0 GE
METRIC pass2_color_1k_5k_ms_sum                714.0 ms
METRIC pass2_color_5k_15k_count                    0 colors
METRIC pass2_color_5k_15k_ge_sum                   0 GE
METRIC pass2_color_5k_15k_ms_sum                   0 ms
METRIC pass2_color_15k_25k_count                   0 colors
METRIC pass2_color_15k_25k_ge_sum                  0 GE
METRIC pass2_color_15k_25k_ms_sum                  0 ms
METRIC pass2_color_ge_25k_count                    0 colors
METRIC pass2_color_ge_25k_ge_sum                   0 GE
METRIC pass2_color_ge_25k_ms_sum                   0 ms
METRIC pass2_sta_delay                       13.6955 ns
METRIC pass2_sta_cache_hits                        0 hits
METRIC pass2_sta_cache_misses                      1 misses
METRIC pass2_sta_lookup_ms                         7 ms
METRIC pass2_cache_hits                           25 hits
METRIC pass2_cache_misses                          2 misses
METRIC pass2_cache_hit_ms                        115 ms
METRIC pass2_cache_miss_ms                       852 ms
METRIC abc_warm_speedup                         9.61 x
METRIC pass2_compile_misses                        1 misses
VARIANT bug1: picorv32.prp:           mem_wstrb = 0 ->           mem_wstrb = 1
CMD pass3_synth: lhd synth src/pyrope/picorv32_top.prp --top picorv32_top --workdir W --emit-dir lg:net_pass3 --result-json r_pass3.json --stats --set abc.memory_budget_mb=16384 --set abc.time_budget_ms=900000 --set abc.verbose=true
METRIC pass3_synth_ms                           8963 ms
METRIC pass3_synth_peak_rss_kb                540528 KiB
METRIC compile_pass3_ms                          382 ms
METRIC pass3_color_ms                             13 ms
METRIC pass3_abc_ms                             7738 ms
METRIC pass3_sta_ms                              784 ms
METRIC pass3_regions                              27 regions
METRIC pass3_gates                              9932 gates
METRIC pass3_area                           73952.58 um2
METRIC pass3_max_delay                          32.0 ns
METRIC pass3_div_blackbox                          0 cones
METRIC pass3_max_region_ms                      5791 ms
METRIC pass3_abc_peak_rss_kb                   17404 KiB
METRIC pass3_color_all_count                       5 colors
METRIC pass3_color_all_ge_sum                12688.0 GE
METRIC pass3_color_all_ms_sum                 7038.5 ms
METRIC pass3_color_lt_1k_count                     3 colors
METRIC pass3_color_lt_1k_ge_sum                692.0 GE
METRIC pass3_color_lt_1k_ms_sum                532.1 ms
METRIC pass3_color_1k_5k_count                     1 colors
METRIC pass3_color_1k_5k_ge_sum               4152.0 GE
METRIC pass3_color_1k_5k_ms_sum                715.3 ms
METRIC pass3_color_5k_15k_count                    1 colors
METRIC pass3_color_5k_15k_ge_sum              7844.0 GE
METRIC pass3_color_5k_15k_ms_sum              5791.1 ms
METRIC pass3_color_15k_25k_count                   0 colors
METRIC pass3_color_15k_25k_ge_sum                  0 GE
METRIC pass3_color_15k_25k_ms_sum                  0 ms
METRIC pass3_color_ge_25k_count                    0 colors
METRIC pass3_color_ge_25k_ge_sum                   0 GE
METRIC pass3_color_ge_25k_ms_sum                   0 ms
METRIC pass3_sta_delay                        13.719 ns
METRIC pass3_sta_cache_hits                        0 hits
METRIC pass3_sta_cache_misses                      1 misses
METRIC pass3_sta_lookup_ms                         7 ms
METRIC pass3_cache_hits                           22 hits
METRIC pass3_cache_misses                          5 misses
METRIC pass3_cache_hit_ms                         17 ms
METRIC pass3_cache_miss_ms                      7039 ms
METRIC synthesis_elapsed_ms                    31741 ms
PASS: warm hits=25/misses=2 (852ms re-mapped of 8188ms cold); sta reuse=0; after one-line edit hits=22/misses=5
