Executing tests from //bench:xs_alu_synth_incremental
CMD full_synth: lhd synth src/pyrope/Alu.prp --top Alu --workdir W_full --emit-dir lg:net_full --result-json r_full.json --stats --set abc.memory_budget_mb=16384 --set abc.time_budget_ms=900000 --set abc.verbose=true --set lhd.incremental=false
METRIC full_synth_ms                            4788 ms
METRIC full_synth_peak_rss_kb                 579728 KiB
METRIC compile_full_ms                           147 ms
METRIC full_color_ms                               2 ms
METRIC full_abc_ms                              3881 ms
METRIC full_sta_ms                               709 ms
METRIC full_regions                               22 regions
METRIC full_gates                              10093 gates
METRIC full_area                            70823.53 um2
METRIC full_max_delay                           64.0 ns
METRIC full_div_blackbox                           0 cones
METRIC full_max_region_ms                       1777 ms
METRIC full_abc_peak_rss_kb                    15812 KiB
METRIC full_color_all_count                       22 colors
METRIC full_color_all_ge_sum                 31048.0 GE
METRIC full_color_all_ms_sum                  4436.2 ms
METRIC full_color_lt_1k_count                     18 colors
METRIC full_color_lt_1k_ge_sum                1902.0 GE
METRIC full_color_lt_1k_ms_sum                1439.2 ms
METRIC full_color_1k_5k_count                      2 colors
METRIC full_color_1k_5k_ge_sum                5068.0 GE
METRIC full_color_1k_5k_ms_sum                 938.9 ms
METRIC full_color_5k_15k_count                     1 colors
METRIC full_color_5k_15k_ge_sum               7172.0 GE
METRIC full_color_5k_15k_ms_sum               1776.6 ms
METRIC full_color_15k_25k_count                    1 colors
METRIC full_color_15k_25k_ge_sum             16906.0 GE
METRIC full_color_15k_25k_ms_sum               281.5 ms
METRIC full_color_ge_25k_count                     0 colors
METRIC full_color_ge_25k_ge_sum                    0 GE
METRIC full_color_ge_25k_ms_sum                    0 ms
METRIC full_sta_delay                        26.3239 ns
CMD pass1_synth: lhd synth src/pyrope/Alu.prp --top Alu --workdir W --emit-dir lg:net_pass1 --result-json r_pass1.json --stats --set abc.memory_budget_mb=16384 --set abc.time_budget_ms=900000 --set abc.verbose=true
METRIC pass1_synth_ms                           4951 ms
METRIC pass1_synth_peak_rss_kb                592048 KiB
METRIC compile_pass1_ms                          153 ms
METRIC pass1_color_ms                              2 ms
METRIC pass1_abc_ms                             4016 ms
METRIC pass1_sta_ms                              724 ms
METRIC pass1_regions                              22 regions
METRIC pass1_gates                             10093 gates
METRIC pass1_area                           70823.53 um2
METRIC pass1_max_delay                          64.0 ns
METRIC pass1_div_blackbox                          0 cones
METRIC pass1_max_region_ms                      1784 ms
METRIC pass1_abc_peak_rss_kb                   15960 KiB
METRIC pass1_color_all_count                      22 colors
METRIC pass1_color_all_ge_sum                31048.0 GE
METRIC pass1_color_all_ms_sum                 4462.8 ms
METRIC pass1_color_lt_1k_count                    18 colors
METRIC pass1_color_lt_1k_ge_sum               1902.0 GE
METRIC pass1_color_lt_1k_ms_sum               1440.8 ms
METRIC pass1_color_1k_5k_count                     2 colors
METRIC pass1_color_1k_5k_ge_sum               5068.0 GE
METRIC pass1_color_1k_5k_ms_sum                952.3 ms
METRIC pass1_color_5k_15k_count                    1 colors
METRIC pass1_color_5k_15k_ge_sum              7172.0 GE
METRIC pass1_color_5k_15k_ms_sum              1784.2 ms
METRIC pass1_color_15k_25k_count                   1 colors
METRIC pass1_color_15k_25k_ge_sum            16906.0 GE
METRIC pass1_color_15k_25k_ms_sum              285.5 ms
METRIC pass1_color_ge_25k_count                    0 colors
METRIC pass1_color_ge_25k_ge_sum                   0 GE
METRIC pass1_color_ge_25k_ms_sum                   0 ms
METRIC pass1_sta_delay                       26.3239 ns
METRIC pass1_sta_cache_hits                        0 hits
METRIC pass1_sta_cache_misses                      1 misses
METRIC pass1_sta_lookup_ms                        23 ms
METRIC pass1_cache_hits                            0 hits
METRIC pass1_cache_misses                         22 misses
METRIC pass1_cache_hit_ms                          0 ms
METRIC pass1_cache_miss_ms                      4463 ms
VARIANT comment1: appended to Alu.prp
CMD pass2_synth: lhd synth src/pyrope/Alu.prp --top Alu --workdir W --emit-dir lg:net_pass2 --result-json r_pass2.json --stats --set abc.memory_budget_mb=16384 --set abc.time_budget_ms=900000 --set abc.verbose=true
METRIC pass2_synth_ms                           1660 ms
METRIC pass2_synth_peak_rss_kb                425260 KiB
METRIC compile_pass2_ms                           16 ms
METRIC pass2_color_ms                              2 ms
METRIC pass2_abc_ms                              875 ms
METRIC pass2_sta_ms                              727 ms
METRIC pass2_regions                              22 regions
METRIC pass2_gates                             10093 gates
METRIC pass2_area                           70823.53 um2
METRIC pass2_max_delay                          64.0 ns
METRIC pass2_div_blackbox                          0 cones
METRIC pass2_max_region_ms                       147 ms
METRIC pass2_abc_peak_rss_kb                  112420 KiB
METRIC pass2_color_all_count                       1 colors
METRIC pass2_color_all_ge_sum                   11.0 GE
METRIC pass2_color_all_ms_sum                  147.3 ms
METRIC pass2_color_lt_1k_count                     1 colors
METRIC pass2_color_lt_1k_ge_sum                 11.0 GE
METRIC pass2_color_lt_1k_ms_sum                147.3 ms
METRIC pass2_color_1k_5k_count                     0 colors
METRIC pass2_color_1k_5k_ge_sum                    0 GE
METRIC pass2_color_1k_5k_ms_sum                    0 ms
METRIC pass2_color_5k_15k_count                    0 colors
METRIC pass2_color_5k_15k_ge_sum                   0 GE
METRIC pass2_color_5k_15k_ms_sum                   0 ms
METRIC pass2_color_15k_25k_count                   0 colors
METRIC pass2_color_15k_25k_ge_sum                  0 GE
METRIC pass2_color_15k_25k_ms_sum                  0 ms
METRIC pass2_color_ge_25k_count                    0 colors
METRIC pass2_color_ge_25k_ge_sum                   0 GE
METRIC pass2_color_ge_25k_ms_sum                   0 ms
METRIC pass2_sta_delay                       26.3239 ns
METRIC pass2_sta_cache_hits                        0 hits
METRIC pass2_sta_cache_misses                      1 misses
METRIC pass2_sta_lookup_ms                        23 ms
METRIC pass2_cache_hits                           21 hits
METRIC pass2_cache_misses                          1 misses
METRIC pass2_cache_hit_ms                         43 ms
METRIC pass2_cache_miss_ms                       147 ms
METRIC abc_warm_speedup                        30.36 x
METRIC pass2_compile_misses                        1 misses
VARIANT bug1: Alu.prp:59   io_out_bits_ctrl_rfWen = (io_in__w1#[0..<0x21f]#[0x1e5..<0x202] & 1) ^ 1
CMD pass3_synth: lhd synth src/pyrope/Alu.prp --top Alu --workdir W --emit-dir lg:net_pass3 --result-json r_pass3.json --stats --set abc.memory_budget_mb=16384 --set abc.time_budget_ms=900000 --set abc.verbose=true
METRIC pass3_synth_ms                           1749 ms
METRIC pass3_synth_peak_rss_kb                456376 KiB
METRIC compile_pass3_ms                           47 ms
METRIC pass3_color_ms                              2 ms
METRIC pass3_abc_ms                              893 ms
METRIC pass3_sta_ms                              758 ms
METRIC pass3_regions                              22 regions
METRIC pass3_gates                             10094 gates
METRIC pass3_area                           70827.28 um2
METRIC pass3_max_delay                          64.0 ns
METRIC pass3_div_blackbox                          0 cones
METRIC pass3_max_region_ms                       146 ms
METRIC pass3_abc_peak_rss_kb                  146484 KiB
METRIC pass3_color_all_count                       2 colors
METRIC pass3_color_all_ge_sum                   12.0 GE
METRIC pass3_color_all_ms_sum                  274.8 ms
METRIC pass3_color_lt_1k_count                     2 colors
METRIC pass3_color_lt_1k_ge_sum                 12.0 GE
METRIC pass3_color_lt_1k_ms_sum                274.8 ms
METRIC pass3_color_1k_5k_count                     0 colors
METRIC pass3_color_1k_5k_ge_sum                    0 GE
METRIC pass3_color_1k_5k_ms_sum                    0 ms
METRIC pass3_color_5k_15k_count                    0 colors
METRIC pass3_color_5k_15k_ge_sum                   0 GE
METRIC pass3_color_5k_15k_ms_sum                   0 ms
METRIC pass3_color_15k_25k_count                   0 colors
METRIC pass3_color_15k_25k_ge_sum                  0 GE
METRIC pass3_color_15k_25k_ms_sum                  0 ms
METRIC pass3_color_ge_25k_count                    0 colors
METRIC pass3_color_ge_25k_ge_sum                   0 GE
METRIC pass3_color_ge_25k_ms_sum                   0 ms
METRIC pass3_sta_delay                       26.3239 ns
METRIC pass3_sta_cache_hits                        0 hits
METRIC pass3_sta_cache_misses                      1 misses
METRIC pass3_sta_lookup_ms                        23 ms
METRIC pass3_cache_hits                           20 hits
METRIC pass3_cache_misses                          2 misses
METRIC pass3_cache_hit_ms                         41 ms
METRIC pass3_cache_miss_ms                       275 ms
METRIC synthesis_elapsed_ms                    14370 ms
PASS: warm hits=21/misses=1 (147ms re-mapped of 4463ms cold); sta reuse=0; after one-line edit hits=20/misses=2
