Executing tests from //bench:xs_alu_sim_incremental
METRIC sim_backend_llvm                            0 bool
METRIC sim_ninja_present                           1 bool
CMD sim_setup_full: lhd sim tree/Alu.prp tree/xs_alu_tb.prp --setup-only --set sim.vcd=false --set sim.tune.profile=off --workdir SW --set sim.jobs=32 --set lhd.incremental=false
METRIC sim_setup_full_ms                         258 ms
CMD sim_cc_full: lhd sim tree/Alu.prp tree/xs_alu_tb.prp --run-only --set sim.compile_only=true --set sim.ninja=/var/tmp/lhdsuite-review-tools-20261005/ninja --set sim.tune.profile=off --diag-fmt pretty --workdir SW --set sim.jobs=32 --set lhd.incremental=false
METRIC sim_cc_full_ms                           6428 ms
METRIC workdir_bytes_full                    5189632 bytes
CMD sim_exec_full: SW/sim/drv.bin --cycles 25000000 --result-json SW/sim/exec_tests.json
METRIC sim_exec_gate_ok                            1 bool
CMD sim_setup_cold: lhd sim tree/Alu.prp tree/xs_alu_tb.prp --setup-only --set sim.vcd=false --set sim.tune.profile=off --workdir SW --set sim.jobs=32
METRIC sim_setup_cold_ms                         271 ms
CMD sim_cc_cold: lhd sim tree/Alu.prp tree/xs_alu_tb.prp --run-only --set sim.compile_only=true --set sim.ninja=/var/tmp/lhdsuite-review-tools-20261005/ninja --set sim.tune.profile=off --diag-fmt pretty --workdir SW --set sim.jobs=32
METRIC sim_cc_cold_ms                           6158 ms
METRIC workdir_bytes_cold                    8110080 bytes
CMD sim_exec_cold: SW/sim/drv.bin --cycles 25000000 --result-json SW/sim/exec_tests.json
METRIC sim_exec_cold_equals_full                   1 bool
VARIANT comment-only: appended to Alu.prp
CMD sim_setup_comment: lhd sim tree/Alu.prp tree/xs_alu_tb.prp --setup-only --set sim.vcd=false --set sim.tune.profile=off --workdir SW --set sim.jobs=32
METRIC sim_setup_comment_ms                       76 ms
CMD sim_cc_comment: lhd sim tree/Alu.prp tree/xs_alu_tb.prp --run-only --set sim.compile_only=true --set sim.ninja=/var/tmp/lhdsuite-review-tools-20261005/ninja --set sim.tune.profile=off --diag-fmt pretty --workdir SW --set sim.jobs=32
METRIC sim_cc_comment_ms                          40 ms
METRIC workdir_bytes_comment                 8122368 bytes
METRIC sim_rewritten_comment                       0 files
METRIC sim_warm_equals_cold                        1 bool
CMD sim_exec_comment: SW/sim/drv.bin --cycles 25000000 --result-json SW/sim/exec_tests.json
METRIC sim_exec_comment_equals_full                1 bool
VARIANT bug1: Alu.prp:59   io_out_bits_ctrl_rfWen = (io_in__w1#[0..<0x21f]#[0x1e5..<0x202] & 1) ^ 1
CMD sim_setup_edit: lhd sim tree/Alu.prp tree/xs_alu_tb.prp --setup-only --set sim.vcd=false --set sim.tune.profile=off --workdir SW --set sim.jobs=32
METRIC sim_setup_edit_ms                         125 ms
CMD sim_cc_edit: lhd sim tree/Alu.prp tree/xs_alu_tb.prp --run-only --set sim.compile_only=true --set sim.ninja=/var/tmp/lhdsuite-review-tools-20261005/ninja --set sim.tune.profile=off --diag-fmt pretty --workdir SW --set sim.jobs=32
METRIC sim_cc_edit_ms                           6164 ms
METRIC workdir_bytes_edit                    8134656 bytes
METRIC sim_rewritten_edit                          5 files
CMD sim_setup_oracle: lhd sim tree/Alu.prp tree/xs_alu_tb.prp --setup-only --set sim.vcd=false --set sim.tune.profile=off --workdir SW_oracle --set sim.jobs=32 --set lhd.incremental=false
METRIC sim_setup_oracle_ms                       254 ms
CMD sim_cc_oracle: lhd sim tree/Alu.prp tree/xs_alu_tb.prp --run-only --set sim.compile_only=true --set sim.ninja=/var/tmp/lhdsuite-review-tools-20261005/ninja --set sim.tune.profile=off --diag-fmt pretty --workdir SW_oracle --set sim.jobs=32 --set lhd.incremental=false
METRIC sim_cc_oracle_ms                         6137 ms
METRIC workdir_bytes_oracle                  5189632 bytes
CMD sim_exec_oracle: SW_oracle/sim/drv.bin --cycles 25000000 --result-json SW_oracle/sim/exec_tests.json
CMD sim_exec_edit: SW/sim/drv.bin --cycles 25000000 --result-json SW/sim/exec_tests.json
METRIC sim_exec_edit_equals_oracle                 1 bool
METRIC sim_edit_tree_equals_oracle                 1 bool
PASS: sim_incremental built drv.bin for full/cold/no-change/edit; cold and no-change simulate exactly like the caches-off build, the edit exactly like a from-scratch build of the edited tree
