Executing tests from //bench:xs_backend_synth_incremental
CMD full_synth: lhd synth src/pyrope/Backend.prp --top Backend --workdir W_full --emit-dir lg:net_full --result-json r_full.json --stats --set color.synth.max_ge=8000 --set abc.memory_budget_mb=16384 --set abc.time_budget_ms=900000 --set abc.verbose=true --set lhd.incremental=false
METRIC full_synth_ms                         4224191 ms
FAIL: step 'full_synth' exited 1: /usr/bin/time -f %M -o rusage_full_synth.txt /var/tmp/lhdsuite-review-missing-20261005/sandbox/linux-sandbox/1878/execroot/_main/bazel-out/k8-opt/bin/bench/xs_backend_synth_incremental.runfiles/livehd+/lhd/lhd synth src/pyrope/Backend.prp --top Backend --workdir W_full --emit-dir lg:net_full --result-json r_full.json --stats --set color.synth.max_ge=8000 --set abc.memory_budget_mb=16384 --set abc.time_budget_ms=900000 --set abc.verbose=true --set lhd.incremental=false
METRIC full_synth_peak_rss_kb              570952264 KiB
METRIC compile_full_ms                       1606198 ms
METRIC full_color_ms                           17275 ms
METRIC full_abc_ms                           1810677 ms
METRIC full_sta_ms                            737482 ms
METRIC full_regions                            21816 regions
METRIC full_gates                           24873541 gates
METRIC full_area                        206037758.6812 um2
METRIC full_max_delay                          351.0 ns
METRIC full_div_blackbox                           0 cones
METRIC full_max_region_ms                      54086 ms
METRIC full_abc_peak_rss_kb                   868668 KiB
METRIC full_color_all_count                    21816 colors
METRIC full_color_all_ge_sum              55315172.0 GE
METRIC full_color_all_ms_sum               3926042.0 ms
METRIC full_color_lt_1k_count                  19033 colors
METRIC full_color_lt_1k_ge_sum             1809759.0 GE
METRIC full_color_lt_1k_ms_sum              417920.5 ms
METRIC full_color_1k_5k_count                    949 colors
METRIC full_color_1k_5k_ge_sum             2289077.0 GE
METRIC full_color_1k_5k_ms_sum              579163.1 ms
METRIC full_color_5k_15k_count                  1659 colors
METRIC full_color_5k_15k_ge_sum           16204492.0 GE
METRIC full_color_5k_15k_ms_sum            2592153.3 ms
METRIC full_color_15k_25k_count                   64 colors
METRIC full_color_15k_25k_ge_sum           1171515.0 GE
METRIC full_color_15k_25k_ms_sum             68358.8 ms
METRIC full_color_ge_25k_count                   111 colors
METRIC full_color_ge_25k_ge_sum           33840329.0 GE
METRIC full_color_ge_25k_ms_sum             268446.3 ms
CMD pass1_synth: lhd synth src/pyrope/Backend.prp --top Backend --workdir W --emit-dir lg:net_pass1 --result-json r_pass1.json --stats --set color.synth.max_ge=8000 --set abc.memory_budget_mb=16384 --set abc.time_budget_ms=900000 --set abc.verbose=true
METRIC pass1_synth_ms                        4502569 ms
FAIL: step 'pass1_synth' exited 1: /usr/bin/time -f %M -o rusage_pass1_synth.txt /var/tmp/lhdsuite-review-missing-20261005/sandbox/linux-sandbox/1878/execroot/_main/bazel-out/k8-opt/bin/bench/xs_backend_synth_incremental.runfiles/livehd+/lhd/lhd synth src/pyrope/Backend.prp --top Backend --workdir W --emit-dir lg:net_pass1 --result-json r_pass1.json --stats --set color.synth.max_ge=8000 --set abc.memory_budget_mb=16384 --set abc.time_budget_ms=900000 --set abc.verbose=true
METRIC pass1_synth_peak_rss_kb             572022336 KiB
METRIC compile_pass1_ms                      1685005 ms
METRIC pass1_color_ms                          19031 ms
METRIC pass1_abc_ms                          1989630 ms
METRIC pass1_sta_ms                           738677 ms
METRIC pass1_regions                           21816 regions
METRIC pass1_gates                          24873541 gates
METRIC pass1_area                       206037758.6812 um2
METRIC pass1_max_delay                         351.0 ns
METRIC pass1_div_blackbox                          0 cones
METRIC pass1_max_region_ms                     54070 ms
METRIC pass1_abc_peak_rss_kb                 1022272 KiB
METRIC pass1_color_all_count                   20974 colors
METRIC pass1_color_all_ge_sum             55311388.0 GE
METRIC pass1_color_all_ms_sum              3977627.5 ms
METRIC pass1_color_lt_1k_count                 18193 colors
METRIC pass1_color_lt_1k_ge_sum            1808001.0 GE
METRIC pass1_color_lt_1k_ms_sum             426461.2 ms
METRIC pass1_color_1k_5k_count                   947 colors
METRIC pass1_color_1k_5k_ge_sum            2287051.0 GE
METRIC pass1_color_1k_5k_ms_sum             577716.7 ms
METRIC pass1_color_5k_15k_count                 1659 colors
METRIC pass1_color_5k_15k_ge_sum          16204492.0 GE
METRIC pass1_color_5k_15k_ms_sum           2628535.2 ms
METRIC pass1_color_15k_25k_count                  64 colors
METRIC pass1_color_15k_25k_ge_sum          1171515.0 GE
METRIC pass1_color_15k_25k_ms_sum            67831.8 ms
METRIC pass1_color_ge_25k_count                  111 colors
METRIC pass1_color_ge_25k_ge_sum          33840329.0 GE
METRIC pass1_color_ge_25k_ms_sum            277082.6 ms
METRIC pass1_cache_hits                          842 hits
METRIC pass1_cache_misses                      10928 misses
METRIC pass1_cache_hit_ms                        256 ms
METRIC pass1_cache_miss_ms                   3977620 ms
VARIANT comment1: appended to Backend.prp
CMD pass2_synth: lhd synth src/pyrope/Backend.prp --top Backend --workdir W --emit-dir lg:net_pass2 --result-json r_pass2.json --stats --set color.synth.max_ge=8000 --set abc.memory_budget_mb=16384 --set abc.time_budget_ms=900000 --set abc.verbose=true
METRIC pass2_synth_ms                        3989173 ms
FAIL: step 'pass2_synth' exited 1: /usr/bin/time -f %M -o rusage_pass2_synth.txt /var/tmp/lhdsuite-review-missing-20261005/sandbox/linux-sandbox/1878/execroot/_main/bazel-out/k8-opt/bin/bench/xs_backend_synth_incremental.runfiles/livehd+/lhd/lhd synth src/pyrope/Backend.prp --top Backend --workdir W --emit-dir lg:net_pass2 --result-json r_pass2.json --stats --set color.synth.max_ge=8000 --set abc.memory_budget_mb=16384 --set abc.time_budget_ms=900000 --set abc.verbose=true
METRIC pass2_synth_peak_rss_kb             573455212 KiB
METRIC compile_pass2_ms                      1555077 ms
METRIC pass2_color_ms                          17239 ms
METRIC pass2_abc_ms                          1625089 ms
METRIC pass2_sta_ms                           722213 ms
METRIC pass2_regions                           21816 regions
METRIC pass2_gates                          24873541 gates
METRIC pass2_area                       206037758.6812 um2
METRIC pass2_max_delay                         351.0 ns
METRIC pass2_div_blackbox                          0 cones
METRIC pass2_max_region_ms                     56866 ms
METRIC pass2_abc_peak_rss_kb                  744416 KiB
METRIC pass2_color_all_count                   11212 colors
METRIC pass2_color_all_ge_sum             13714001.0 GE
METRIC pass2_color_all_ms_sum              2688139.8 ms
METRIC pass2_color_lt_1k_count                  9543 colors
METRIC pass2_color_lt_1k_ge_sum             935960.0 GE
METRIC pass2_color_lt_1k_ms_sum             215248.0 ms
METRIC pass2_color_1k_5k_count                   753 colors
METRIC pass2_color_1k_5k_ge_sum            1812974.0 GE
METRIC pass2_color_1k_5k_ms_sum             529618.8 ms
METRIC pass2_color_5k_15k_count                  843 colors
METRIC pass2_color_5k_15k_ge_sum           7906243.0 GE
METRIC pass2_color_5k_15k_ms_sum           1703249.5 ms
METRIC pass2_color_15k_25k_count                  27 colors
METRIC pass2_color_15k_25k_ge_sum           466594.0 GE
METRIC pass2_color_15k_25k_ms_sum            47003.1 ms
METRIC pass2_color_ge_25k_count                   46 colors
METRIC pass2_color_ge_25k_ge_sum           2592230.0 GE
METRIC pass2_color_ge_25k_ms_sum            193020.4 ms
METRIC pass2_cache_hits                        10604 hits
METRIC pass2_cache_misses                       1166 misses
METRIC pass2_cache_hit_ms                      28572 ms
METRIC pass2_cache_miss_ms                   2688151 ms
METRIC abc_warm_speedup                         1.48 x
FAIL: comment-only pass re-synthesized 2688151ms of a 3977620ms cold map
