Executing tests from //bench:xs_div_synth_incremental
CMD full_synth: lhd synth src/pyrope/DivUnit.prp --top DivUnit --workdir W_full --emit-dir lg:net_full --result-json r_full.json --stats --set abc.memory_budget_mb=16384 --set abc.time_budget_ms=900000 --set abc.verbose=true --set lhd.incremental=false
METRIC full_synth_ms                           11110 ms
METRIC full_synth_peak_rss_kb                 583560 KiB
METRIC compile_full_ms                           787 ms
METRIC full_color_ms                              12 ms
METRIC full_abc_ms                              9058 ms
METRIC full_sta_ms                              1195 ms
METRIC full_regions                              106 regions
METRIC full_gates                              15873 gates
METRIC full_area                           107700.35 um2
METRIC full_max_delay                           68.0 ns
METRIC full_div_blackbox                           0 cones
METRIC full_max_region_ms                       2311 ms
METRIC full_abc_peak_rss_kb                    13380 KiB
METRIC full_color_all_count                      106 colors
METRIC full_color_all_ge_sum                 17807.0 GE
METRIC full_color_all_ms_sum                  6259.4 ms
METRIC full_color_lt_1k_count                    101 colors
METRIC full_color_lt_1k_ge_sum                5619.0 GE
METRIC full_color_lt_1k_ms_sum                2906.9 ms
METRIC full_color_1k_5k_count                      5 colors
METRIC full_color_1k_5k_ge_sum               12188.0 GE
METRIC full_color_1k_5k_ms_sum                3352.5 ms
METRIC full_color_5k_15k_count                     0 colors
METRIC full_color_5k_15k_ge_sum                    0 GE
METRIC full_color_5k_15k_ms_sum                    0 ms
METRIC full_color_15k_25k_count                    0 colors
METRIC full_color_15k_25k_ge_sum                   0 GE
METRIC full_color_15k_25k_ms_sum                   0 ms
METRIC full_color_ge_25k_count                     0 colors
METRIC full_color_ge_25k_ge_sum                    0 GE
METRIC full_color_ge_25k_ms_sum                    0 ms
METRIC full_sta_delay                        27.0889 ns
CMD pass1_synth: lhd synth src/pyrope/DivUnit.prp --top DivUnit --workdir W --emit-dir lg:net_pass1 --result-json r_pass1.json --stats --set abc.memory_budget_mb=16384 --set abc.time_budget_ms=900000 --set abc.verbose=true
METRIC pass1_synth_ms                          12009 ms
METRIC pass1_synth_peak_rss_kb                601080 KiB
METRIC compile_pass1_ms                          798 ms
METRIC pass1_color_ms                             13 ms
METRIC pass1_abc_ms                             9678 ms
METRIC pass1_sta_ms                             1242 ms
METRIC pass1_regions                             106 regions
METRIC pass1_gates                             15873 gates
METRIC pass1_area                          107700.35 um2
METRIC pass1_max_delay                          68.0 ns
METRIC pass1_div_blackbox                          0 cones
METRIC pass1_max_region_ms                      2524 ms
METRIC pass1_abc_peak_rss_kb                   13968 KiB
METRIC pass1_color_all_count                     106 colors
METRIC pass1_color_all_ge_sum                17807.0 GE
METRIC pass1_color_all_ms_sum                 6834.6 ms
METRIC pass1_color_lt_1k_count                   101 colors
METRIC pass1_color_lt_1k_ge_sum               5619.0 GE
METRIC pass1_color_lt_1k_ms_sum               3079.6 ms
METRIC pass1_color_1k_5k_count                     5 colors
METRIC pass1_color_1k_5k_ge_sum              12188.0 GE
METRIC pass1_color_1k_5k_ms_sum               3755.0 ms
METRIC pass1_color_5k_15k_count                    0 colors
METRIC pass1_color_5k_15k_ge_sum                   0 GE
METRIC pass1_color_5k_15k_ms_sum                   0 ms
METRIC pass1_color_15k_25k_count                   0 colors
METRIC pass1_color_15k_25k_ge_sum                  0 GE
METRIC pass1_color_15k_25k_ms_sum                  0 ms
METRIC pass1_color_ge_25k_count                    0 colors
METRIC pass1_color_ge_25k_ge_sum                   0 GE
METRIC pass1_color_ge_25k_ms_sum                   0 ms
METRIC pass1_sta_delay                       27.0889 ns
METRIC pass1_sta_cache_hits                        0 hits
METRIC pass1_sta_cache_misses                      1 misses
METRIC pass1_sta_lookup_ms                        14 ms
METRIC pass1_cache_hits                            0 hits
METRIC pass1_cache_misses                        106 misses
METRIC pass1_cache_hit_ms                          0 ms
METRIC pass1_cache_miss_ms                      6834 ms
VARIANT comment1: appended to DivUnit.prp
CMD pass2_synth: lhd synth src/pyrope/DivUnit.prp --top DivUnit --workdir W --emit-dir lg:net_pass2 --result-json r_pass2.json --stats --set abc.memory_budget_mb=16384 --set abc.time_budget_ms=900000 --set abc.verbose=true
METRIC pass2_synth_ms                           7702 ms
METRIC pass2_synth_peak_rss_kb                564204 KiB
METRIC compile_pass2_ms                          801 ms
METRIC pass2_color_ms                             12 ms
METRIC pass2_abc_ms                             5604 ms
METRIC pass2_sta_ms                             1214 ms
METRIC pass2_regions                             106 regions
METRIC pass2_gates                             15873 gates
METRIC pass2_area                          107700.35 um2
METRIC pass2_max_delay                          68.0 ns
METRIC pass2_div_blackbox                          0 cones
METRIC pass2_max_region_ms                       518 ms
METRIC pass2_abc_peak_rss_kb                   13040 KiB
METRIC pass2_color_all_count                       5 colors
METRIC pass2_color_all_ge_sum                 5420.0 GE
METRIC pass2_color_all_ms_sum                 1058.5 ms
METRIC pass2_color_lt_1k_count                     4 colors
METRIC pass2_color_lt_1k_ge_sum               1690.0 GE
METRIC pass2_color_lt_1k_ms_sum                540.6 ms
METRIC pass2_color_1k_5k_count                     1 colors
METRIC pass2_color_1k_5k_ge_sum               3730.0 GE
METRIC pass2_color_1k_5k_ms_sum                517.9 ms
METRIC pass2_color_5k_15k_count                    0 colors
METRIC pass2_color_5k_15k_ge_sum                   0 GE
METRIC pass2_color_5k_15k_ms_sum                   0 ms
METRIC pass2_color_15k_25k_count                   0 colors
METRIC pass2_color_15k_25k_ge_sum                  0 GE
METRIC pass2_color_15k_25k_ms_sum                  0 ms
METRIC pass2_color_ge_25k_count                    0 colors
METRIC pass2_color_ge_25k_ge_sum                   0 GE
METRIC pass2_color_ge_25k_ms_sum                   0 ms
METRIC pass2_sta_delay                       27.0889 ns
METRIC pass2_sta_cache_hits                        0 hits
METRIC pass2_sta_cache_misses                      1 misses
METRIC pass2_sta_lookup_ms                        13 ms
METRIC pass2_cache_hits                          101 hits
METRIC pass2_cache_misses                          5 misses
METRIC pass2_cache_hit_ms                        106 ms
METRIC pass2_cache_miss_ms                      1058 ms
METRIC abc_warm_speedup                         6.46 x
METRIC pass2_compile_misses                        1 misses
VARIANT bug1: DivUnit.prp:40   io_in.ready = (_divDataModule_io_in_ready & 1) ^ 1
CMD pass3_synth: lhd synth src/pyrope/DivUnit.prp --top DivUnit --workdir W --emit-dir lg:net_pass3 --result-json r_pass3.json --stats --set abc.memory_budget_mb=16384 --set abc.time_budget_ms=900000 --set abc.verbose=true
METRIC pass3_synth_ms                           9657 ms
METRIC pass3_synth_peak_rss_kb                571192 KiB
METRIC compile_pass3_ms                          758 ms
METRIC pass3_color_ms                             13 ms
METRIC pass3_abc_ms                             7562 ms
METRIC pass3_sta_ms                             1205 ms
METRIC pass3_regions                             106 regions
METRIC pass3_gates                             15788 gates
METRIC pass3_area                          107821.43 um2
METRIC pass3_max_delay                          68.0 ns
METRIC pass3_div_blackbox                          0 cones
METRIC pass3_max_region_ms                      2344 ms
METRIC pass3_abc_peak_rss_kb                   13552 KiB
METRIC pass3_color_all_count                       5 colors
METRIC pass3_color_all_ge_sum                 5421.0 GE
METRIC pass3_color_all_ms_sum                 2877.1 ms
METRIC pass3_color_lt_1k_count                     4 colors
METRIC pass3_color_lt_1k_ge_sum               1690.0 GE
METRIC pass3_color_lt_1k_ms_sum                533.6 ms
METRIC pass3_color_1k_5k_count                     1 colors
METRIC pass3_color_1k_5k_ge_sum               3731.0 GE
METRIC pass3_color_1k_5k_ms_sum               2343.5 ms
METRIC pass3_color_5k_15k_count                    0 colors
METRIC pass3_color_5k_15k_ge_sum                   0 GE
METRIC pass3_color_5k_15k_ms_sum                   0 ms
METRIC pass3_color_15k_25k_count                   0 colors
METRIC pass3_color_15k_25k_ge_sum                  0 GE
METRIC pass3_color_15k_25k_ms_sum                  0 ms
METRIC pass3_color_ge_25k_count                    0 colors
METRIC pass3_color_ge_25k_ge_sum                   0 GE
METRIC pass3_color_ge_25k_ms_sum                   0 ms
METRIC pass3_sta_delay                       27.0889 ns
METRIC pass3_sta_cache_hits                        0 hits
METRIC pass3_sta_cache_misses                      1 misses
METRIC pass3_sta_lookup_ms                        13 ms
METRIC pass3_cache_hits                          101 hits
METRIC pass3_cache_misses                          5 misses
METRIC pass3_cache_hit_ms                        339 ms
METRIC pass3_cache_miss_ms                      2877 ms
METRIC synthesis_elapsed_ms                    41839 ms
PASS: warm hits=101/misses=5 (1058ms re-mapped of 6834ms cold); sta reuse=0; after one-line edit hits=101/misses=5
