Executing tests from //bench:xs_div_compile_incremental
CMD compile_full: lhd compile tree/DivUnit.prp --top DivUnit --emit-dir lg:out_lg --workdir w --result-json compile_full.json --set sim.jobs=32 --set lhd.incremental=false
METRIC compile_full_ms                           756 ms
METRIC hits_full                                   0 units
METRIC misses_full                                 0 units
METRIC redone_ms_full                            0.0 ms
METRIC refused_full                                0 units
METRIC store_failed_full                           0 units
METRIC workdir_bytes_full                       4096 bytes
CMD compile_cold: lhd compile tree/DivUnit.prp --top DivUnit --emit-dir lg:out_lg --workdir w --result-json compile_cold.json --set sim.jobs=32
METRIC compile_cold_ms                           783 ms
METRIC hits_cold                                   0 units
METRIC misses_cold                                 6 units
METRIC redone_ms_cold                        711.322 ms
METRIC refused_cold                                1 units
METRIC store_failed_cold                           0 units
METRIC workdir_bytes_cold                    1196032 bytes
VARIANT comment-only: appended to DivUnit.prp
CMD compile_comment: lhd compile tree/DivUnit.prp --top DivUnit --emit-dir lg:out_lg --workdir w --result-json compile_comment.json --set sim.jobs=32
METRIC compile_comment_ms                        723 ms
METRIC hits_comment                                5 units
METRIC misses_comment                              1 units
METRIC redone_ms_comment                     667.959 ms
METRIC refused_comment                             1 units
METRIC store_failed_comment                        0 units
METRIC workdir_bytes_comment                 1200128 bytes
CMD compile_comment: lhd tool diff lg:cold_lg lg:out_lg --structural -q
VARIANT bug1: DivUnit.prp:40   io_in.ready = (_divDataModule_io_in_ready & 1) ^ 1
CMD compile_edit: lhd compile tree/DivUnit.prp --top DivUnit --emit-dir lg:out_lg --workdir w --result-json compile_edit.json --set sim.jobs=32
METRIC compile_edit_ms                           726 ms
METRIC hits_edit                                   5 units
METRIC misses_edit                                 1 units
METRIC redone_ms_edit                        666.556 ms
METRIC refused_edit                                1 units
METRIC store_failed_edit                           0 units
METRIC workdir_bytes_edit                    1204224 bytes
CMD compile_edit: lhd compile tree/DivUnit.prp --top DivUnit --emit-dir lg:edit_cold_lg --workdir edit_cold_w --set lhd.incremental=false -q --result-json edit_cold.json --set sim.jobs=32
CMD compile_edit: lhd tool diff lg:edit_cold_lg lg:out_lg --structural -q
CMD compile_edit: lhd tool diff lg:cold_lg lg:edit_cold_lg --structural -q
METRIC compile_edit_changes_cold                   1 bool
METRIC compile_warm_equals_cold                    1 bool
PASS: compile_incremental (cold/comment/edit over one workdir)
