Executing tests from //bench:xs_exu_synth_incremental
CMD full_synth: lhd synth src/pyrope/ExuBlock.prp --top ExuBlock --workdir W_full --emit-dir lg:net_full --result-json r_full.json --stats --set abc.memory_budget_mb=16384 --set abc.time_budget_ms=900000 --set abc.verbose=true --set lhd.incremental=false
METRIC full_synth_ms                          311905 ms
METRIC full_synth_peak_rss_kb               10006512 KiB
METRIC compile_full_ms                        237436 ms
METRIC full_color_ms                             498 ms
METRIC full_abc_ms                             34017 ms
METRIC full_sta_ms                             39230 ms
METRIC full_regions                              667 regions
METRIC full_gates                             512860 gates
METRIC full_area                        3551925.3644 um2
METRIC full_max_delay                           68.0 ns
METRIC full_div_blackbox                           0 cones
METRIC full_max_region_ms                       4002 ms
METRIC full_abc_peak_rss_kb                     6056 KiB
METRIC full_color_all_count                      667 colors
METRIC full_color_all_ge_sum                817977.0 GE
METRIC full_color_all_ms_sum                 83491.3 ms
METRIC full_color_lt_1k_count                    559 colors
METRIC full_color_lt_1k_ge_sum               60506.0 GE
METRIC full_color_lt_1k_ms_sum               12696.3 ms
METRIC full_color_1k_5k_count                     56 colors
METRIC full_color_1k_5k_ge_sum              152768.0 GE
METRIC full_color_1k_5k_ms_sum               11345.9 ms
METRIC full_color_5k_15k_count                    43 colors
METRIC full_color_5k_15k_ge_sum             379733.0 GE
METRIC full_color_5k_15k_ms_sum              50878.2 ms
METRIC full_color_15k_25k_count                    5 colors
METRIC full_color_15k_25k_ge_sum             84504.0 GE
METRIC full_color_15k_25k_ms_sum              4785.9 ms
METRIC full_color_ge_25k_count                     4 colors
METRIC full_color_ge_25k_ge_sum             140466.0 GE
METRIC full_color_ge_25k_ms_sum               3785.0 ms
METRIC full_sta_delay                        799.531 ns
CMD pass1_synth: lhd synth src/pyrope/ExuBlock.prp --top ExuBlock --workdir W --emit-dir lg:net_pass1 --result-json r_pass1.json --stats --set abc.memory_budget_mb=16384 --set abc.time_budget_ms=900000 --set abc.verbose=true
METRIC pass1_synth_ms                         312902 ms
METRIC pass1_synth_peak_rss_kb              10046924 KiB
METRIC compile_pass1_ms                       235081 ms
METRIC pass1_color_ms                            497 ms
METRIC pass1_abc_ms                            34141 ms
METRIC pass1_sta_ms                            41871 ms
METRIC pass1_regions                             667 regions
METRIC pass1_gates                            512860 gates
METRIC pass1_area                       3551925.3644 um2
METRIC pass1_max_delay                          68.0 ns
METRIC pass1_div_blackbox                          0 cones
METRIC pass1_max_region_ms                      3957 ms
METRIC pass1_abc_peak_rss_kb                    6288 KiB
METRIC pass1_color_all_count                     667 colors
METRIC pass1_color_all_ge_sum               817977.0 GE
METRIC pass1_color_all_ms_sum                83234.3 ms
METRIC pass1_color_lt_1k_count                   559 colors
METRIC pass1_color_lt_1k_ge_sum              60506.0 GE
METRIC pass1_color_lt_1k_ms_sum              12574.8 ms
METRIC pass1_color_1k_5k_count                    56 colors
METRIC pass1_color_1k_5k_ge_sum             152768.0 GE
METRIC pass1_color_1k_5k_ms_sum              11197.8 ms
METRIC pass1_color_5k_15k_count                   43 colors
METRIC pass1_color_5k_15k_ge_sum            379733.0 GE
METRIC pass1_color_5k_15k_ms_sum             50744.6 ms
METRIC pass1_color_15k_25k_count                   5 colors
METRIC pass1_color_15k_25k_ge_sum            84504.0 GE
METRIC pass1_color_15k_25k_ms_sum             4795.9 ms
METRIC pass1_color_ge_25k_count                    4 colors
METRIC pass1_color_ge_25k_ge_sum            140466.0 GE
METRIC pass1_color_ge_25k_ms_sum              3921.2 ms
METRIC pass1_sta_delay                       799.531 ns
METRIC pass1_sta_cache_hits                        0 hits
METRIC pass1_sta_cache_misses                      1 misses
METRIC pass1_sta_lookup_ms                       177 ms
METRIC pass1_cache_hits                            0 hits
METRIC pass1_cache_misses                        464 misses
METRIC pass1_cache_hit_ms                          0 ms
METRIC pass1_cache_miss_ms                     83234 ms
VARIANT comment1: appended to ExuBlock.prp
CMD pass2_synth: lhd synth src/pyrope/ExuBlock.prp --top ExuBlock --workdir W --emit-dir lg:net_pass2 --result-json r_pass2.json --stats --set abc.memory_budget_mb=16384 --set abc.time_budget_ms=900000 --set abc.verbose=true
METRIC pass2_synth_ms                         303394 ms
METRIC pass2_synth_peak_rss_kb              10066388 KiB
METRIC compile_pass2_ms                       233652 ms
METRIC pass2_color_ms                            478 ms
METRIC pass2_abc_ms                            25937 ms
METRIC pass2_sta_ms                            41865 ms
METRIC pass2_regions                             667 regions
METRIC pass2_gates                            512860 gates
METRIC pass2_area                       3551925.3644 um2
METRIC pass2_max_delay                          68.0 ns
METRIC pass2_div_blackbox                          0 cones
METRIC pass2_max_region_ms                      4004 ms
METRIC pass2_abc_peak_rss_kb                    9900 KiB
METRIC pass2_color_all_count                     216 colors
METRIC pass2_color_all_ge_sum               413293.0 GE
METRIC pass2_color_all_ms_sum                62812.6 ms
METRIC pass2_color_lt_1k_count                   161 colors
METRIC pass2_color_lt_1k_ge_sum              24334.0 GE
METRIC pass2_color_lt_1k_ms_sum               5689.6 ms
METRIC pass2_color_1k_5k_count                    21 colors
METRIC pass2_color_1k_5k_ge_sum              58578.0 GE
METRIC pass2_color_1k_5k_ms_sum               6226.4 ms
METRIC pass2_color_5k_15k_count                   32 colors
METRIC pass2_color_5k_15k_ge_sum            280898.0 GE
METRIC pass2_color_5k_15k_ms_sum             44047.2 ms
METRIC pass2_color_15k_25k_count                   1 colors
METRIC pass2_color_15k_25k_ge_sum            15109.0 GE
METRIC pass2_color_15k_25k_ms_sum             3298.2 ms
METRIC pass2_color_ge_25k_count                    1 colors
METRIC pass2_color_ge_25k_ge_sum             34374.0 GE
METRIC pass2_color_ge_25k_ms_sum              3551.2 ms
METRIC pass2_sta_delay                       799.531 ns
METRIC pass2_sta_cache_hits                        0 hits
METRIC pass2_sta_cache_misses                      1 misses
METRIC pass2_sta_lookup_ms                       178 ms
METRIC pass2_cache_hits                          451 hits
METRIC pass2_cache_misses                         13 misses
METRIC pass2_cache_hit_ms                        445 ms
METRIC pass2_cache_miss_ms                     62813 ms
METRIC abc_warm_speedup                         1.33 x
FAIL: comment-only pass re-synthesized 62813ms of a 83234ms cold map
