Executing tests from //bench:xs_exu_compile_incremental
CMD compile_full: lhd compile tree/ExuBlock.prp --top ExuBlock --emit-dir lg:out_lg --workdir w --result-json compile_full.json --set sim.jobs=32 --set lhd.incremental=false
METRIC compile_full_ms                        233185 ms
METRIC hits_full                                   0 units
METRIC misses_full                                 0 units
METRIC redone_ms_full                            0.0 ms
METRIC refused_full                                0 units
METRIC store_failed_full                           0 units
METRIC workdir_bytes_full                     282624 bytes
CMD compile_cold: lhd compile tree/ExuBlock.prp --top ExuBlock --emit-dir lg:out_lg --workdir w --result-json compile_cold.json --set sim.jobs=32
METRIC compile_cold_ms                        234150 ms
METRIC hits_cold                                   0 units
METRIC misses_cold                               535 units
METRIC redone_ms_cold                     232842.965 ms
METRIC refused_cold                                1 units
METRIC store_failed_cold                           0 units
METRIC workdir_bytes_cold                   66969600 bytes
VARIANT comment-only: appended to ExuBlock.prp
CMD compile_comment: lhd compile tree/ExuBlock.prp --top ExuBlock --emit-dir lg:out_lg --workdir w --result-json compile_comment.json --set sim.jobs=32
METRIC compile_comment_ms                     231644 ms
METRIC hits_comment                              534 units
METRIC misses_comment                              1 units
METRIC redone_ms_comment                  230639.479 ms
METRIC refused_comment                             1 units
METRIC store_failed_comment                        0 units
METRIC workdir_bytes_comment                67252224 bytes
CMD compile_comment: lhd tool diff lg:cold_lg lg:out_lg --structural -q
VARIANT bug1: ExuBlock.prp:747   io_error_0_REG = (_exuALU0_AluCsrFence_io_error & 1) ^ 1
CMD compile_edit: lhd compile tree/ExuBlock.prp --top ExuBlock --emit-dir lg:out_lg --workdir w --result-json compile_edit.json --set sim.jobs=32
METRIC compile_edit_ms                        231954 ms
METRIC hits_edit                                 534 units
METRIC misses_edit                                 1 units
METRIC redone_ms_edit                     230905.955 ms
METRIC refused_edit                                1 units
METRIC store_failed_edit                           0 units
METRIC workdir_bytes_edit                   67534848 bytes
CMD compile_edit: lhd compile tree/ExuBlock.prp --top ExuBlock --emit-dir lg:edit_cold_lg --workdir edit_cold_w --set lhd.incremental=false -q --result-json edit_cold.json --set sim.jobs=32
CMD compile_edit: lhd tool diff lg:edit_cold_lg lg:out_lg --structural -q
CMD compile_edit: lhd tool diff lg:cold_lg lg:edit_cold_lg --structural -q
METRIC compile_edit_changes_cold                   1 bool
METRIC compile_warm_equals_cold                    1 bool
PASS: compile_incremental (cold/comment/edit over one workdir)
