Executing tests from //bench:xs_rob_sim_incremental_llvm
METRIC sim_backend_llvm                            1 bool
METRIC sim_ninja_present                           1 bool
CMD sim_setup_full: lhd sim tree/Rob.prp tree/xs_rob_tb.prp --setup-only --set sim.vcd=false --set sim.tune.profile=off --set sim.unknown_zero=true --set sim.tune.backend=llvm --workdir SW --set sim.jobs=32 --set lhd.incremental=false
METRIC sim_setup_full_ms                      544665 ms
CMD sim_cc_full: lhd sim tree/Rob.prp tree/xs_rob_tb.prp --run-only --set sim.compile_only=true --set sim.ninja=/var/tmp/lhdsuite-review-tools-20261005/ninja --set sim.tune.profile=off --set sim.unknown_zero=true --set sim.tune.backend=llvm --diag-fmt pretty --workdir SW --set sim.jobs=32 --set lhd.incremental=false
METRIC sim_cc_full_ms                        3115237 ms
METRIC workdir_bytes_full                 1592287232 bytes
CMD sim_exec_full: SW/sim/drv.bin --cycles 25000 --result-json SW/sim/exec_tests.json
METRIC sim_exec_gate_ok                            1 bool
CMD sim_setup_cold: lhd sim tree/Rob.prp tree/xs_rob_tb.prp --setup-only --set sim.vcd=false --set sim.tune.profile=off --set sim.unknown_zero=true --set sim.tune.backend=llvm --workdir SW --set sim.jobs=32
METRIC sim_setup_cold_ms                      537499 ms
CMD sim_cc_cold: lhd sim tree/Rob.prp tree/xs_rob_tb.prp --run-only --set sim.compile_only=true --set sim.ninja=/var/tmp/lhdsuite-review-tools-20261005/ninja --set sim.tune.profile=off --set sim.unknown_zero=true --set sim.tune.backend=llvm --diag-fmt pretty --workdir SW --set sim.jobs=32
METRIC sim_cc_cold_ms                        3083336 ms
METRIC workdir_bytes_cold                 3085172736 bytes
CMD sim_exec_cold: SW/sim/drv.bin --cycles 25000 --result-json SW/sim/exec_tests.json
METRIC sim_exec_cold_equals_full                   1 bool
VARIANT comment-only: appended to Rob.prp
CMD sim_setup_comment: lhd sim tree/Rob.prp tree/xs_rob_tb.prp --setup-only --set sim.vcd=false --set sim.tune.profile=off --set sim.unknown_zero=true --set sim.tune.backend=llvm --workdir SW --set sim.jobs=32
METRIC sim_setup_comment_ms                   226919 ms
CMD sim_cc_comment: lhd sim tree/Rob.prp tree/xs_rob_tb.prp --run-only --set sim.compile_only=true --set sim.ninja=/var/tmp/lhdsuite-review-tools-20261005/ninja --set sim.tune.profile=off --set sim.unknown_zero=true --set sim.tune.backend=llvm --diag-fmt pretty --workdir SW --set sim.jobs=32
METRIC sim_cc_comment_ms                        1692 ms
METRIC workdir_bytes_comment              3085193216 bytes
METRIC sim_rewritten_comment                       0 files
METRIC sim_warm_equals_cold                        1 bool
CMD sim_exec_comment: SW/sim/drv.bin --cycles 25000 --result-json SW/sim/exec_tests.json
METRIC sim_exec_comment_equals_full                1 bool
VARIANT bug1: Rob.prp:740061   io_perf_17_value_REG = (`io_redirect_0.valid` & `io_redirect_0.bits`#[0x8f..<0x90] & 1) ^ 1
CMD sim_setup_edit: lhd sim tree/Rob.prp tree/xs_rob_tb.prp --setup-only --set sim.vcd=false --set sim.tune.profile=off --set sim.unknown_zero=true --set sim.tune.backend=llvm --workdir SW --set sim.jobs=32
METRIC sim_setup_edit_ms                      521549 ms
CMD sim_cc_edit: lhd sim tree/Rob.prp tree/xs_rob_tb.prp --run-only --set sim.compile_only=true --set sim.ninja=/var/tmp/lhdsuite-review-tools-20261005/ninja --set sim.tune.profile=off --set sim.unknown_zero=true --set sim.tune.backend=llvm --diag-fmt pretty --workdir SW --set sim.jobs=32
METRIC sim_cc_edit_ms                        3089026 ms
METRIC workdir_bytes_edit                 3034918912 bytes
METRIC sim_rewritten_edit                         43 files
CMD sim_setup_oracle: lhd sim tree/Rob.prp tree/xs_rob_tb.prp --setup-only --set sim.vcd=false --set sim.tune.profile=off --set sim.unknown_zero=true --set sim.tune.backend=llvm --workdir SW_oracle --set sim.jobs=32 --set lhd.incremental=false
METRIC sim_setup_oracle_ms                    517775 ms
CMD sim_cc_oracle: lhd sim tree/Rob.prp tree/xs_rob_tb.prp --run-only --set sim.compile_only=true --set sim.ninja=/var/tmp/lhdsuite-review-tools-20261005/ninja --set sim.tune.profile=off --set sim.unknown_zero=true --set sim.tune.backend=llvm --diag-fmt pretty --workdir SW_oracle --set sim.jobs=32 --set lhd.incremental=false
METRIC sim_cc_oracle_ms                      3090548 ms
METRIC workdir_bytes_oracle               1592471552 bytes
CMD sim_exec_oracle: SW_oracle/sim/drv.bin --cycles 25000 --result-json SW_oracle/sim/exec_tests.json
CMD sim_exec_edit: SW/sim/drv.bin --cycles 25000 --result-json SW/sim/exec_tests.json
METRIC sim_exec_edit_equals_oracle                 1 bool
METRIC sim_edit_tree_equals_oracle                 1 bool
PASS: sim_incremental built drv.bin for full/cold/no-change/edit; cold and no-change simulate exactly like the caches-off build, the edit exactly like a from-scratch build of the edited tree
