Executing tests from //bench:xs_rob_sim_incremental
METRIC sim_backend_llvm                            0 bool
METRIC sim_ninja_present                           1 bool
CMD sim_setup_full: lhd sim tree/Rob.prp tree/xs_rob_tb.prp --setup-only --set sim.vcd=false --set sim.tune.profile=off --set sim.unknown_zero=true --workdir SW --set sim.jobs=32 --set lhd.incremental=false
METRIC sim_setup_full_ms                      355762 ms
CMD sim_cc_full: lhd sim tree/Rob.prp tree/xs_rob_tb.prp --run-only --set sim.compile_only=true --set sim.ninja=/var/tmp/lhdsuite-review-tools-20261005/ninja --set sim.tune.profile=off --set sim.unknown_zero=true --diag-fmt pretty --workdir SW --set sim.jobs=32 --set lhd.incremental=false
METRIC sim_cc_full_ms                         693451 ms
METRIC workdir_bytes_full                 1150730240 bytes
CMD sim_exec_full: SW/sim/drv.bin --cycles 25000 --result-json SW/sim/exec_tests.json
METRIC sim_exec_gate_ok                            1 bool
CMD sim_setup_cold: lhd sim tree/Rob.prp tree/xs_rob_tb.prp --setup-only --set sim.vcd=false --set sim.tune.profile=off --set sim.unknown_zero=true --workdir SW --set sim.jobs=32
METRIC sim_setup_cold_ms                      368253 ms
CMD sim_cc_cold: lhd sim tree/Rob.prp tree/xs_rob_tb.prp --run-only --set sim.compile_only=true --set sim.ninja=/var/tmp/lhdsuite-review-tools-20261005/ninja --set sim.tune.profile=off --set sim.unknown_zero=true --diag-fmt pretty --workdir SW --set sim.jobs=32
METRIC sim_cc_cold_ms                         670552 ms
METRIC workdir_bytes_cold                 2643595264 bytes
CMD sim_exec_cold: SW/sim/drv.bin --cycles 25000 --result-json SW/sim/exec_tests.json
METRIC sim_exec_cold_equals_full                   1 bool
VARIANT comment-only: appended to Rob.prp
CMD sim_setup_comment: lhd sim tree/Rob.prp tree/xs_rob_tb.prp --setup-only --set sim.vcd=false --set sim.tune.profile=off --set sim.unknown_zero=true --workdir SW --set sim.jobs=32
METRIC sim_setup_comment_ms                   227271 ms
CMD sim_cc_comment: lhd sim tree/Rob.prp tree/xs_rob_tb.prp --run-only --set sim.compile_only=true --set sim.ninja=/var/tmp/lhdsuite-review-tools-20261005/ninja --set sim.tune.profile=off --set sim.unknown_zero=true --diag-fmt pretty --workdir SW --set sim.jobs=32
METRIC sim_cc_comment_ms                        1181 ms
METRIC workdir_bytes_comment              2643615744 bytes
METRIC sim_rewritten_comment                       0 files
METRIC sim_warm_equals_cold                        1 bool
CMD sim_exec_comment: SW/sim/drv.bin --cycles 25000 --result-json SW/sim/exec_tests.json
METRIC sim_exec_comment_equals_full                1 bool
VARIANT bug1: Rob.prp:740061   io_perf_17_value_REG = (`io_redirect_0.valid` & `io_redirect_0.bits`#[0x8f..<0x90] & 1) ^ 1
CMD sim_setup_edit: lhd sim tree/Rob.prp tree/xs_rob_tb.prp --setup-only --set sim.vcd=false --set sim.tune.profile=off --set sim.unknown_zero=true --workdir SW --set sim.jobs=32
METRIC sim_setup_edit_ms                      359228 ms
CMD sim_cc_edit: lhd sim tree/Rob.prp tree/xs_rob_tb.prp --run-only --set sim.compile_only=true --set sim.ninja=/var/tmp/lhdsuite-review-tools-20261005/ninja --set sim.tune.profile=off --set sim.unknown_zero=true --diag-fmt pretty --workdir SW --set sim.jobs=32
METRIC sim_cc_edit_ms                         669861 ms
METRIC workdir_bytes_edit                 2593284096 bytes
METRIC sim_rewritten_edit                         36 files
CMD sim_setup_oracle: lhd sim tree/Rob.prp tree/xs_rob_tb.prp --setup-only --set sim.vcd=false --set sim.tune.profile=off --set sim.unknown_zero=true --workdir SW_oracle --set sim.jobs=32 --set lhd.incremental=false
METRIC sim_setup_oracle_ms                    346924 ms
CMD sim_cc_oracle: lhd sim tree/Rob.prp tree/xs_rob_tb.prp --run-only --set sim.compile_only=true --set sim.ninja=/var/tmp/lhdsuite-review-tools-20261005/ninja --set sim.tune.profile=off --set sim.unknown_zero=true --diag-fmt pretty --workdir SW_oracle --set sim.jobs=32 --set lhd.incremental=false
METRIC sim_cc_oracle_ms                       670813 ms
METRIC workdir_bytes_oracle               1150787584 bytes
CMD sim_exec_oracle: SW_oracle/sim/drv.bin --cycles 25000 --result-json SW_oracle/sim/exec_tests.json
CMD sim_exec_edit: SW/sim/drv.bin --cycles 25000 --result-json SW/sim/exec_tests.json
METRIC sim_exec_edit_equals_oracle                 1 bool
METRIC sim_edit_tree_equals_oracle                 1 bool
PASS: sim_incremental built drv.bin for full/cold/no-change/edit; cold and no-change simulate exactly like the caches-off build, the edit exactly like a from-scratch build of the edited tree
