Executing tests from //bench:xs_rob_synth_incremental
CMD full_synth: lhd synth src/pyrope/Rob.prp --top Rob --workdir W_full --emit-dir lg:net_full --result-json r_full.json --stats --set abc.memory_budget_mb=16384 --set abc.time_budget_ms=900000 --set abc.verbose=true --set lhd.incremental=false
METRIC full_synth_ms                         1444208 ms
FAIL: step 'full_synth' exited 1: /usr/bin/time -f %M -o rusage_full_synth.txt /var/tmp/lhdsuite-review-missing-20261005/sandbox/linux-sandbox/1804/execroot/_main/bazel-out/k8-opt/bin/bench/xs_rob_synth_incremental.runfiles/livehd+/lhd/lhd synth src/pyrope/Rob.prp --top Rob --workdir W_full --emit-dir lg:net_full --result-json r_full.json --stats --set abc.memory_budget_mb=16384 --set abc.time_budget_ms=900000 --set abc.verbose=true --set lhd.incremental=false
METRIC full_synth_peak_rss_kb              587438180 KiB
METRIC compile_full_ms                        218334 ms
METRIC full_color_ms                            5176 ms
METRIC full_abc_ms                            598484 ms
METRIC full_sta_ms                            569027 ms
METRIC full_regions                             6925 regions
METRIC full_gates                           10904423 gates
METRIC full_area                         99056689.38 um2
METRIC full_max_delay                           33.0 ns
METRIC full_div_blackbox                           0 cones
METRIC full_max_region_ms                      46696 ms
METRIC full_abc_peak_rss_kb                   557044 KiB
METRIC full_color_all_count                     6925 colors
METRIC full_color_all_ge_sum             129622508.0 GE
METRIC full_color_all_ms_sum               1451872.4 ms
METRIC full_color_lt_1k_count                   5488 colors
METRIC full_color_lt_1k_ge_sum              211012.0 GE
METRIC full_color_lt_1k_ms_sum              106649.3 ms
METRIC full_color_1k_5k_count                    749 colors
METRIC full_color_1k_5k_ge_sum              825281.0 GE
METRIC full_color_1k_5k_ms_sum               41534.0 ms
METRIC full_color_5k_15k_count                   624 colors
METRIC full_color_5k_15k_ge_sum            8344240.0 GE
METRIC full_color_5k_15k_ms_sum            1056746.0 ms
METRIC full_color_15k_25k_count                   14 colors
METRIC full_color_15k_25k_ge_sum            254193.0 GE
METRIC full_color_15k_25k_ms_sum             28957.2 ms
METRIC full_color_ge_25k_count                    50 colors
METRIC full_color_ge_25k_ge_sum          119987782.0 GE
METRIC full_color_ge_25k_ms_sum             217985.9 ms
CMD pass1_synth: lhd synth src/pyrope/Rob.prp --top Rob --workdir W --emit-dir lg:net_pass1 --result-json r_pass1.json --stats --set abc.memory_budget_mb=16384 --set abc.time_budget_ms=900000 --set abc.verbose=true
METRIC pass1_synth_ms                        1477879 ms
FAIL: step 'pass1_synth' exited 1: /usr/bin/time -f %M -o rusage_pass1_synth.txt /var/tmp/lhdsuite-review-missing-20261005/sandbox/linux-sandbox/1804/execroot/_main/bazel-out/k8-opt/bin/bench/xs_rob_synth_incremental.runfiles/livehd+/lhd/lhd synth src/pyrope/Rob.prp --top Rob --workdir W --emit-dir lg:net_pass1 --result-json r_pass1.json --stats --set abc.memory_budget_mb=16384 --set abc.time_budget_ms=900000 --set abc.verbose=true
METRIC pass1_synth_peak_rss_kb             587411272 KiB
METRIC compile_pass1_ms                       229306 ms
METRIC pass1_color_ms                           5714 ms
METRIC pass1_abc_ms                           694797 ms
METRIC pass1_sta_ms                           487343 ms
METRIC pass1_regions                            6925 regions
METRIC pass1_gates                          10904423 gates
METRIC pass1_area                        99056689.38 um2
METRIC pass1_max_delay                          33.0 ns
METRIC pass1_div_blackbox                          0 cones
METRIC pass1_max_region_ms                     52062 ms
METRIC pass1_abc_peak_rss_kb                  634376 KiB
METRIC pass1_color_all_count                    5951 colors
METRIC pass1_color_all_ge_sum             35484431.0 GE
METRIC pass1_color_all_ms_sum              1408565.2 ms
METRIC pass1_color_lt_1k_count                  4541 colors
METRIC pass1_color_lt_1k_ge_sum             205346.0 GE
METRIC pass1_color_lt_1k_ms_sum             118054.1 ms
METRIC pass1_color_1k_5k_count                   749 colors
METRIC pass1_color_1k_5k_ge_sum             825281.0 GE
METRIC pass1_color_1k_5k_ms_sum              42312.4 ms
METRIC pass1_color_5k_15k_count                  624 colors
METRIC pass1_color_5k_15k_ge_sum           8344240.0 GE
METRIC pass1_color_5k_15k_ms_sum           1073997.9 ms
METRIC pass1_color_15k_25k_count                  14 colors
METRIC pass1_color_15k_25k_ge_sum           254193.0 GE
METRIC pass1_color_15k_25k_ms_sum            30278.0 ms
METRIC pass1_color_ge_25k_count                   23 colors
METRIC pass1_color_ge_25k_ge_sum          25855371.0 GE
METRIC pass1_color_ge_25k_ms_sum            143922.8 ms
METRIC pass1_cache_hits                          974 hits
METRIC pass1_cache_misses                       5951 misses
METRIC pass1_cache_hit_ms                        297 ms
METRIC pass1_cache_miss_ms                   1408567 ms
VARIANT comment1: appended to Rob.prp
CMD pass2_synth: lhd synth src/pyrope/Rob.prp --top Rob --workdir W --emit-dir lg:net_pass2 --result-json r_pass2.json --stats --set abc.memory_budget_mb=16384 --set abc.time_budget_ms=900000 --set abc.verbose=true
METRIC pass2_synth_ms                        1117687 ms
FAIL: step 'pass2_synth' exited 1: /usr/bin/time -f %M -o rusage_pass2_synth.txt /var/tmp/lhdsuite-review-missing-20261005/sandbox/linux-sandbox/1804/execroot/_main/bazel-out/k8-opt/bin/bench/xs_rob_synth_incremental.runfiles/livehd+/lhd/lhd synth src/pyrope/Rob.prp --top Rob --workdir W --emit-dir lg:net_pass2 --result-json r_pass2.json --stats --set abc.memory_budget_mb=16384 --set abc.time_budget_ms=900000 --set abc.verbose=true
METRIC pass2_synth_peak_rss_kb             588339924 KiB
METRIC compile_pass2_ms                       233089 ms
METRIC pass2_color_ms                           5124 ms
METRIC pass2_abc_ms                           322069 ms
METRIC pass2_sta_ms                           501943 ms
METRIC pass2_regions                            6925 regions
METRIC pass2_gates                          10904423 gates
METRIC pass2_area                        99056689.38 um2
METRIC pass2_max_delay                          33.0 ns
METRIC pass2_div_blackbox                          0 cones
METRIC pass2_max_region_ms                     47806 ms
METRIC pass2_abc_peak_rss_kb                  619356 KiB
METRIC pass2_color_all_count                      20 colors
METRIC pass2_color_all_ge_sum               677290.0 GE
METRIC pass2_color_all_ms_sum                87297.1 ms
METRIC pass2_color_lt_1k_count                    10 colors
METRIC pass2_color_lt_1k_ge_sum               2215.0 GE
METRIC pass2_color_lt_1k_ms_sum                267.7 ms
METRIC pass2_color_1k_5k_count                     1 colors
METRIC pass2_color_1k_5k_ge_sum               2688.0 GE
METRIC pass2_color_1k_5k_ms_sum               3582.9 ms
METRIC pass2_color_5k_15k_count                    3 colors
METRIC pass2_color_5k_15k_ge_sum             30733.0 GE
METRIC pass2_color_5k_15k_ms_sum              7733.1 ms
METRIC pass2_color_15k_25k_count                   1 colors
METRIC pass2_color_15k_25k_ge_sum            18001.0 GE
METRIC pass2_color_15k_25k_ms_sum             4061.8 ms
METRIC pass2_color_ge_25k_count                    5 colors
METRIC pass2_color_ge_25k_ge_sum            623653.0 GE
METRIC pass2_color_ge_25k_ms_sum             71651.6 ms
METRIC pass2_cache_hits                         6905 hits
METRIC pass2_cache_misses                         20 misses
METRIC pass2_cache_hit_ms                      37288 ms
METRIC pass2_cache_miss_ms                     87297 ms
METRIC abc_warm_speedup                        16.14 x
METRIC pass2_compile_misses                        1 misses
VARIANT bug1: Rob.prp:740061   io_perf_17_value_REG = (`io_redirect_0.valid` & `io_redirect_0.bits`#[0x8f..<0x90] & 1) ^ 1
CMD pass3_synth: lhd synth src/pyrope/Rob.prp --top Rob --workdir W --emit-dir lg:net_pass3 --result-json r_pass3.json --stats --set abc.memory_budget_mb=16384 --set abc.time_budget_ms=900000 --set abc.verbose=true
METRIC pass3_synth_ms                        1084924 ms
FAIL: step 'pass3_synth' exited 1: /usr/bin/time -f %M -o rusage_pass3_synth.txt /var/tmp/lhdsuite-review-missing-20261005/sandbox/linux-sandbox/1804/execroot/_main/bazel-out/k8-opt/bin/bench/xs_rob_synth_incremental.runfiles/livehd+/lhd/lhd synth src/pyrope/Rob.prp --top Rob --workdir W --emit-dir lg:net_pass3 --result-json r_pass3.json --stats --set abc.memory_budget_mb=16384 --set abc.time_budget_ms=900000 --set abc.verbose=true
METRIC pass3_synth_peak_rss_kb             588244780 KiB
METRIC compile_pass3_ms                       217208 ms
METRIC pass3_color_ms                           5161 ms
METRIC pass3_abc_ms                           328245 ms
METRIC pass3_sta_ms                           481860 ms
METRIC pass3_regions                            6925 regions
METRIC pass3_gates                          10904423 gates
METRIC pass3_area                        99056686.87 um2
METRIC pass3_max_delay                          33.0 ns
METRIC pass3_div_blackbox                          0 cones
METRIC pass3_max_region_ms                     45138 ms
METRIC pass3_abc_peak_rss_kb                  623984 KiB
METRIC pass3_color_all_count                      27 colors
METRIC pass3_color_all_ge_sum               769125.0 GE
METRIC pass3_color_all_ms_sum                98615.1 ms
METRIC pass3_color_lt_1k_count                    12 colors
METRIC pass3_color_lt_1k_ge_sum               3649.0 GE
METRIC pass3_color_lt_1k_ms_sum               3234.2 ms
METRIC pass3_color_1k_5k_count                     1 colors
METRIC pass3_color_1k_5k_ge_sum               2688.0 GE
METRIC pass3_color_1k_5k_ms_sum               3083.6 ms
METRIC pass3_color_5k_15k_count                    6 colors
METRIC pass3_color_5k_15k_ge_sum             69629.0 GE
METRIC pass3_color_5k_15k_ms_sum             17648.2 ms
METRIC pass3_color_15k_25k_count                   2 colors
METRIC pass3_color_15k_25k_ge_sum            36248.0 GE
METRIC pass3_color_15k_25k_ms_sum             5448.8 ms
METRIC pass3_color_ge_25k_count                    6 colors
METRIC pass3_color_ge_25k_ge_sum            656911.0 GE
METRIC pass3_color_ge_25k_ms_sum             69200.3 ms
METRIC pass3_cache_hits                         6898 hits
METRIC pass3_cache_misses                         27 misses
METRIC pass3_cache_hit_ms                      39199 ms
METRIC pass3_cache_miss_ms                     98615 ms
METRIC synthesis_elapsed_ms                  5126295 ms
PASS: warm hits=6905/misses=20 (87297ms re-mapped of 1408567ms cold); sta reuse=n/a; after one-line edit hits=6898/misses=27
FAIL: 4 synthesis invocation(s) completed ABC but failed downstream STA; cold/warm/edit metrics were retained
