Executing tests from //bench:xs_rob_compile_incremental
CMD compile_full: lhd compile tree/Rob.prp --top Rob --emit-dir lg:out_lg --workdir w --result-json compile_full.json --set lhd.incremental=false
METRIC compile_full_ms                        220430 ms
METRIC hits_full                                   0 units
METRIC misses_full                                 0 units
METRIC redone_ms_full                            0.0 ms
METRIC refused_full                                0 units
METRIC store_failed_full                           0 units
METRIC workdir_bytes_full                      16384 bytes
CMD compile_cold: lhd compile tree/Rob.prp --top Rob --emit-dir lg:out_lg --workdir w --result-json compile_cold.json
METRIC compile_cold_ms                        241034 ms
METRIC hits_cold                                   0 units
METRIC misses_cold                                14 units
METRIC redone_ms_cold                     216280.774 ms
METRIC refused_cold                                1 units
METRIC store_failed_cold                           0 units
METRIC workdir_bytes_cold                  657358848 bytes
VARIANT comment-only: appended to Rob.prp
CMD compile_comment: lhd compile tree/Rob.prp --top Rob --emit-dir lg:out_lg --workdir w --result-json compile_comment.json
METRIC compile_comment_ms                     232571 ms
METRIC hits_comment                               13 units
METRIC misses_comment                              1 units
METRIC redone_ms_comment                  216301.914 ms
METRIC refused_comment                             1 units
METRIC store_failed_comment                        0 units
METRIC workdir_bytes_comment               657367040 bytes
CMD compile_comment: lhd tool diff lg:cold_lg lg:out_lg --structural -q
VARIANT bug1: Rob.prp:740061   io_perf_17_value_REG = (`io_redirect_0.valid` & `io_redirect_0.bits`#[0x8f..<0x90] & 1) ^ 1
CMD compile_edit: lhd compile tree/Rob.prp --top Rob --emit-dir lg:out_lg --workdir w --result-json compile_edit.json
METRIC compile_edit_ms                        218684 ms
METRIC hits_edit                                  13 units
METRIC misses_edit                                 1 units
METRIC redone_ms_edit                     196164.344 ms
METRIC refused_edit                                1 units
METRIC store_failed_edit                           0 units
METRIC workdir_bytes_edit                  657387520 bytes
CMD compile_edit: lhd compile tree/Rob.prp --top Rob --emit-dir lg:edit_cold_lg --workdir edit_cold_w --set lhd.incremental=false -q --result-json edit_cold.json
CMD compile_edit: lhd tool diff lg:edit_cold_lg lg:out_lg --structural -q
CMD compile_edit: lhd tool diff lg:cold_lg lg:edit_cold_lg --structural -q
METRIC compile_edit_changes_cold                   1 bool
METRIC compile_warm_equals_cold                    1 bool
PASS: compile_incremental (cold/comment/edit over one workdir)
