Executing tests from //bench:xs_renametable_synth_incremental
CMD full_synth: lhd synth src/pyrope/RenameTableWrapper.prp --top RenameTableWrapper --workdir W_full --emit-dir lg:net_full --result-json r_full.json --stats --set abc.memory_budget_mb=16384 --set abc.time_budget_ms=900000 --set abc.verbose=true --set lhd.incremental=false
METRIC full_synth_ms                          239292 ms
METRIC full_synth_peak_rss_kb               71255828 KiB
METRIC compile_full_ms                         42711 ms
METRIC full_color_ms                            1649 ms
METRIC full_abc_ms                             70830 ms
METRIC full_sta_ms                            119596 ms
METRIC full_regions                              561 regions
METRIC full_gates                            1328358 gates
METRIC full_area                          8752063.87 um2
METRIC full_max_delay                          351.0 ns
METRIC full_div_blackbox                           0 cones
METRIC full_max_region_ms                       3475 ms
METRIC full_abc_peak_rss_kb                    26580 KiB
METRIC full_color_all_count                      561 colors
METRIC full_color_all_ge_sum               1466370.0 GE
METRIC full_color_all_ms_sum                361386.0 ms
METRIC full_color_lt_1k_count                    406 colors
METRIC full_color_lt_1k_ge_sum               69916.0 GE
METRIC full_color_lt_1k_ms_sum               13524.8 ms
METRIC full_color_1k_5k_count                     29 colors
METRIC full_color_1k_5k_ge_sum               68204.0 GE
METRIC full_color_1k_5k_ms_sum                3531.2 ms
METRIC full_color_5k_15k_count                   119 colors
METRIC full_color_5k_15k_ge_sum             906343.0 GE
METRIC full_color_5k_15k_ms_sum             342293.5 ms
METRIC full_color_15k_25k_count                    1 colors
METRIC full_color_15k_25k_ge_sum             21889.0 GE
METRIC full_color_15k_25k_ms_sum               106.4 ms
METRIC full_color_ge_25k_count                     6 colors
METRIC full_color_ge_25k_ge_sum             400018.0 GE
METRIC full_color_ge_25k_ms_sum               1930.1 ms
METRIC full_sta_delay                        68.4002 ns
CMD pass1_synth: lhd synth src/pyrope/RenameTableWrapper.prp --top RenameTableWrapper --workdir W --emit-dir lg:net_pass1 --result-json r_pass1.json --stats --set abc.memory_budget_mb=16384 --set abc.time_budget_ms=900000 --set abc.verbose=true
METRIC pass1_synth_ms                         250481 ms
METRIC pass1_synth_peak_rss_kb              72072996 KiB
METRIC compile_pass1_ms                        47977 ms
METRIC pass1_color_ms                           1643 ms
METRIC pass1_abc_ms                            74371 ms
METRIC pass1_sta_ms                           119323 ms
METRIC pass1_regions                             561 regions
METRIC pass1_gates                           1328358 gates
METRIC pass1_area                         8752063.87 um2
METRIC pass1_max_delay                         351.0 ns
METRIC pass1_div_blackbox                          0 cones
METRIC pass1_max_region_ms                      3384 ms
METRIC pass1_abc_peak_rss_kb                   19164 KiB
METRIC pass1_color_all_count                     500 colors
METRIC pass1_color_all_ge_sum              1465851.0 GE
METRIC pass1_color_all_ms_sum               357872.5 ms
METRIC pass1_color_lt_1k_count                   345 colors
METRIC pass1_color_lt_1k_ge_sum              69397.0 GE
METRIC pass1_color_lt_1k_ms_sum              13199.7 ms
METRIC pass1_color_1k_5k_count                    29 colors
METRIC pass1_color_1k_5k_ge_sum              68204.0 GE
METRIC pass1_color_1k_5k_ms_sum               3465.7 ms
METRIC pass1_color_5k_15k_count                  119 colors
METRIC pass1_color_5k_15k_ge_sum            906343.0 GE
METRIC pass1_color_5k_15k_ms_sum            339165.1 ms
METRIC pass1_color_15k_25k_count                   1 colors
METRIC pass1_color_15k_25k_ge_sum            21889.0 GE
METRIC pass1_color_15k_25k_ms_sum              104.1 ms
METRIC pass1_color_ge_25k_count                    6 colors
METRIC pass1_color_ge_25k_ge_sum            400018.0 GE
METRIC pass1_color_ge_25k_ms_sum              1937.9 ms
METRIC pass1_sta_delay                       68.4002 ns
METRIC pass1_sta_cache_hits                        0 hits
METRIC pass1_sta_cache_misses                      1 misses
METRIC pass1_sta_lookup_ms                       224 ms
METRIC pass1_cache_hits                           61 hits
METRIC pass1_cache_misses                        500 misses
METRIC pass1_cache_hit_ms                          4 ms
METRIC pass1_cache_miss_ms                    357873 ms
VARIANT comment1: appended to RenameTableWrapper.prp
CMD pass2_synth: lhd synth src/pyrope/RenameTableWrapper.prp --top RenameTableWrapper --workdir W --emit-dir lg:net_pass2 --result-json r_pass2.json --stats --set abc.memory_budget_mb=16384 --set abc.time_budget_ms=900000 --set abc.verbose=true
METRIC pass2_synth_ms                         214258 ms
METRIC pass2_synth_peak_rss_kb              70608700 KiB
METRIC compile_pass2_ms                         1276 ms
METRIC pass2_color_ms                           1683 ms
METRIC pass2_abc_ms                            19307 ms
METRIC pass2_sta_ms                           118794 ms
METRIC pass2_regions                             561 regions
METRIC pass2_gates                           1328358 gates
METRIC pass2_area                         8752063.87 um2
METRIC pass2_max_delay                         351.0 ns
METRIC pass2_div_blackbox                          0 cones
METRIC pass2_max_region_ms                      1473 ms
METRIC pass2_abc_peak_rss_kb                   13292 KiB
METRIC pass2_color_all_count                      25 colors
METRIC pass2_color_all_ge_sum                89130.0 GE
METRIC pass2_color_all_ms_sum                 3988.3 ms
METRIC pass2_color_lt_1k_count                    18 colors
METRIC pass2_color_lt_1k_ge_sum               5681.0 GE
METRIC pass2_color_lt_1k_ms_sum               2494.9 ms
METRIC pass2_color_1k_5k_count                     5 colors
METRIC pass2_color_1k_5k_ge_sum               9169.0 GE
METRIC pass2_color_1k_5k_ms_sum                504.1 ms
METRIC pass2_color_5k_15k_count                    1 colors
METRIC pass2_color_5k_15k_ge_sum              6689.0 GE
METRIC pass2_color_5k_15k_ms_sum               847.9 ms
METRIC pass2_color_15k_25k_count                   0 colors
METRIC pass2_color_15k_25k_ge_sum                  0 GE
METRIC pass2_color_15k_25k_ms_sum                  0 ms
METRIC pass2_color_ge_25k_count                    1 colors
METRIC pass2_color_ge_25k_ge_sum             67591.0 GE
METRIC pass2_color_ge_25k_ms_sum               141.4 ms
METRIC pass2_sta_delay                       68.4002 ns
METRIC pass2_sta_cache_hits                        0 hits
METRIC pass2_sta_cache_misses                      1 misses
METRIC pass2_sta_lookup_ms                       222 ms
METRIC pass2_cache_hits                          536 hits
METRIC pass2_cache_misses                         25 misses
METRIC pass2_cache_hit_ms                       3956 ms
METRIC pass2_cache_miss_ms                      3988 ms
METRIC abc_warm_speedup                        89.74 x
METRIC pass2_compile_misses                        1 misses
VARIANT bug1: RenameTable.prp:36183   io_readPorts_0_data = (io_readPorts_0_data__w1) ^ 1
CMD pass3_synth: lhd synth src/pyrope/RenameTableWrapper.prp --top RenameTableWrapper --workdir W --emit-dir lg:net_pass3 --result-json r_pass3.json --stats --set abc.memory_budget_mb=16384 --set abc.time_budget_ms=900000 --set abc.verbose=true
METRIC pass3_synth_ms                         178845 ms
METRIC pass3_synth_peak_rss_kb              71668184 KiB
METRIC compile_pass3_ms                        20147 ms
METRIC pass3_color_ms                           1624 ms
METRIC pass3_abc_ms                            22408 ms
METRIC pass3_sta_ms                           127039 ms
METRIC pass3_regions                             561 regions
METRIC pass3_gates                           1328367 gates
METRIC pass3_area                         8752090.12 um2
METRIC pass3_max_delay                         351.0 ns
METRIC pass3_div_blackbox                          0 cones
METRIC pass3_max_region_ms                      1449 ms
METRIC pass3_abc_peak_rss_kb                   13488 KiB
METRIC pass3_color_all_count                      42 colors
METRIC pass3_color_all_ge_sum                96774.0 GE
METRIC pass3_color_all_ms_sum                 6465.2 ms
METRIC pass3_color_lt_1k_count                    34 colors
METRIC pass3_color_lt_1k_ge_sum               7642.0 GE
METRIC pass3_color_lt_1k_ms_sum               4017.8 ms
METRIC pass3_color_1k_5k_count                     5 colors
METRIC pass3_color_1k_5k_ge_sum               9169.0 GE
METRIC pass3_color_1k_5k_ms_sum                508.8 ms
METRIC pass3_color_5k_15k_count                    2 colors
METRIC pass3_color_5k_15k_ge_sum             12372.0 GE
METRIC pass3_color_5k_15k_ms_sum              1795.4 ms
METRIC pass3_color_15k_25k_count                   0 colors
METRIC pass3_color_15k_25k_ge_sum                  0 GE
METRIC pass3_color_15k_25k_ms_sum                  0 ms
METRIC pass3_color_ge_25k_count                    1 colors
METRIC pass3_color_ge_25k_ge_sum             67591.0 GE
METRIC pass3_color_ge_25k_ms_sum               143.2 ms
METRIC pass3_sta_delay                       68.4002 ns
METRIC pass3_sta_cache_hits                        0 hits
METRIC pass3_sta_cache_misses                      1 misses
METRIC pass3_sta_lookup_ms                       234 ms
METRIC pass3_cache_hits                          519 hits
METRIC pass3_cache_misses                         42 misses
METRIC pass3_cache_hit_ms                       3790 ms
METRIC pass3_cache_miss_ms                      6465 ms
METRIC synthesis_elapsed_ms                   884504 ms
PASS: warm hits=536/misses=25 (3988ms re-mapped of 357873ms cold); sta reuse=0; after one-line edit hits=519/misses=42
